******************************************************************************
                  TI ARM Linker PC v20.2.1                     
******************************************************************************
>> Linked Mon Jan 25 09:26:16 2021

OUTPUT FILE NAME:   <httpget_EK_TM4C1294XL_TI.out>
ENTRY POINT SYMBOL: "_c_int00"  address: 0000fdcd


MEMORY CONFIGURATION

         name            origin    length      used     unused   attr    fill
----------------------  --------  ---------  --------  --------  ----  --------
  FLASH                 00000000   00100000  0001762b  000e89d5  R  X
  SRAM                  20000000   00040000  0001bbb4  0002444c  RW X


SEGMENT ALLOCATION MAP

run origin  load origin   length   init length attrs members
----------  ----------- ---------- ----------- ----- -------
00000000    00000000    00017638   00017638    r-x
  00000000    00000000    0000003c   0000003c    r-- .resetVecs
  00000040    00000040    00014842   00014842    r-x .text
  00014884    00014884    000028c5   000028c5    r-- .const
  00017150    00017150    000004e8   000004e8    r-- .cinit
20000000    20000000    00000360   00000000    rw-
  20000000    20000000    00000360   00000000    rw- .vecs
20000380    20000380    0001b858   00000000    rw-
  20000380    20000380    0001a648   00000000    rw- .bss
  2001a9c8    2001a9c8    00000a0c   00000000    rw- .data
  2001b3d8    2001b3d8    00000800   00000000    rw- .stack


SECTION ALLOCATION MAP

 output                                  attributes/
section   page    origin      length       input sections
--------  ----  ----------  ----------   ----------------
.text      0    00000040    00014842     
                  00000040    00000c68     stk.aem4f : tcpin.oem4f (.text:TcpInput)
                  00000ca8    000008b8               : tcpout.oem4f (.text:TcpOutput)
                  00001560    000004fc     httpget.obj (.text:taskFxn)
                  00001a5c    00000004     stk.aem4f : bind.oem4f (.text:BindGetIF)
                  00001a60    00000430     sysbios.aem4f : BIOS.obj (.text:ti_sysbios_family_arm_m3_Hwi_excDumpRegs__I)
                  00001e90    00000408     stk.aem4f : ipout.oem4f (.text:IPTxPacket)
                  00002298    00000394     httpget.obj (.text:httpTask)
                  0000262c    00000384     stk.aem4f : ipin.oem4f (.text:IPRxPacket)
                  000029b0    00000372     nettool_ipv4.aem4f : dnscomn.oem4f (.text:DNSResolveByName)
                  00002d22    00000002     hal_userled_stub.aem4f : llled.oem4f (.text:LED_TOGGLE)
                  00002d24    0000034c     ti.targets.arm.rtsarm.aem4f : System.oem4f (.text:xdc_runtime_System_doPrint__I)
                  00003070    000002fe     nettool_ipv4.aem4f : dnscomn.oem4f (.text:DNSResolveByAddr)
                  0000336e    00000002     stk.aem4f : nat.oem4f (.text:NatMsg)
                  00003370    000002f8     nettool_ipv4.aem4f : inetaddr.oem4f (.text:getaddrinfo)
                  00003668    000002da                        : dnscomn.oem4f (.text:DNSResolveByNS)
                  00003942    00000002     os.aem4f : task.oem4f (.text:_TaskInit)
                  00003944    00000284     stk.aem4f : sock.oem4f (.text:SockSet)
                  00003bc8    0000024c               : ipfrag.oem4f (.text:IPReasm)
                  00003e14    0000023c               : icmpin.oem4f (.text:ICMPInput)
                  00004050    00000238               : udp.oem4f (.text:UdpInput)
                  00004288    00000204     Boot.aem4f : Boot_sysctl.oem4f (.text:ti_catalog_arm_cortexm4_tiva_ce_Boot_sysCtlClockFreqSetI__I)
                  0000448c    000001f4     stk.aem4f : sock.oem4f (.text:SockRecv)
                  00004680    000001f4     sysbios.aem4f : BIOS.obj (.text:ti_sysbios_family_arm_m3_Hwi_excHandlerMax__I)
                  00004874    000001b8     drivers_tivaware.aem4f : EMACSnow.oem4f (.text:EMACSnow_NIMUInit)
                  00004a2c    000001b0     stk.aem4f : lliout.oem4f (.text:LLITxIpPacket)
                  00004bdc    000001ac               : lliin.oem4f (.text:LLIRxPacket)
                  00004d88    0000019c     os.aem4f : mem.oem4f (.text:mmAlloc)
                  00004f24    0000019a     nettool_ipv4.aem4f : dnsclnt.oem4f (.text:DNSResolve)
                  000050be    00000002     os.aem4f : task.oem4f (.text:_TaskShutdown)
                  000050c0    00000198     stk.aem4f : igmp.oem4f (.text:IGMPInput)
                  00005258    00000198     nettool_ipv4.aem4f : ipaddr.oem4f (.text:NtGetPublicHost)
                  000053f0    00000190     stk.aem4f : sock.oem4f (.text:SockNew)
                  00005580    00000174     netctrl_min_ipv4.aem4f : netctrl.oem4f (.text:NC_NetStart)
                  000056f4    00000004     stk.aem4f : bind.oem4f (.text:BindGetNext)
                  000056f8    00000174     sysbios.aem4f : BIOS.obj (.text:ti_sysbios_family_arm_m3_Hwi_excBusFault__I)
                  0000586c    00000170     stk.aem4f : rtc.oem4f (.text:RTCReport)
                  000059dc    0000016c     nettool_ipv4.aem4f : dnscomn.oem4f (.text:DNSResolveExternal)
                  00005b48    0000016a     stk.aem4f : sb.oem4f (.text:SBRead)
                  00005cb2    00000006     driverlib.lib : emac.obj (.text:EMACRxDMADescriptorListSet)
                  00005cb8    00000164     sysbios.aem4f : BIOS.obj (.text:ti_sysbios_family_arm_m3_Hwi_excUsageFault__I)
                  00005e1c    00000160     stk.aem4f : sock.oem4f (.text:SockConnect)
                  00005f7c    00000158     nettool_ipv4.aem4f : dhcpmain.oem4f (.text:DHCPOpen)
                  000060d4    00000150     drivers_tivaware.aem4f : GPIOTiva.oem4f (.text:GPIO_setConfig)
                  00006224    00000004     http_ndk.aem4f : httpcli.oem4f (.text:HTTPCli_construct)
                  00006228    00000150     sysbios.aem4f : BIOS.obj (.text:ti_sysbios_knl_Event_pend__E)
                  00006378    00000150                   : BIOS.obj (.text:ti_sysbios_knl_Task_Instance_finalize__E)
                  000064c8    00000148                   : BIOS.obj (.text:ti_sysbios_family_arm_m3_Hwi_excMemFault__I)
                  00006610    00000144     stk.aem4f : bind.oem4f (.text:BindNew)
                  00006754    00000140               : tcp.oem4f (.text:TcpTimeoutCheck)
                  00006894    0000013c     nettool_ipv4.aem4f : config.oem4f (.text:CfgAddEntry)
                  000069d0    0000013c     stk.aem4f : sockint.oem4f (.text:SockNotify)
                  00006b0c    0000013c               : sock.oem4f (.text:SockSend)
                  00006c48    00000138     sysbios.aem4f : BIOS.obj (.text:ti_sysbios_knl_Semaphore_pend__E)
                  00006d80    00000136     nettool_ipv4.aem4f : dnspkt.oem4f (.text:DNSGetReply)
                  00006eb6    00000002     hal_ser_stub.aem4f : llserstb.oem4f (.text:_llSerialServiceCheck)
                  00006eb8    00000134     stk.aem4f : icmp.oem4f (.text:ICMPGenPacket)
                  00006fec    00000132     nettool_ipv4.aem4f : dnspkt.oem4f (.text:DNSReadRecord)
                  0000711e    00000130     driverlib.lib : gpio.obj (.text:GPIOPadConfigSet)
                  0000724e    00000002     hal_ser_stub.aem4f : llserstb.oem4f (.text:_llSerialShutdown)
                  00007250    0000012c     EK_TM4C1294XL.obj (.text:EK_TM4C1294XL_initEMAC)
                  0000737c    00000128     http_ndk.aem4f : httpcli.oem4f (.text:contentHandler)
                  000074a4    00000124     stk.aem4f : sockpcb.oem4f (.text:SockPcbResolve)
                  000075c8    00000124               : udp.oem4f (.text:UdpOutput)
                  000076ec    00000120     httpget_pem4f.oem4f (.text:ti_ndk_config_Global_stackThread)
                  0000780c    00000118     http_ndk.aem4f : httpcli.oem4f (.text:HTTPCli_connect)
                  00007924    00000118     stk.aem4f : tcpout.oem4f (.text:TcpGenPacket)
                  00007a3c    00000118     ti.targets.arm.rtsarm.aem4f : Error.oem4f (.text:xdc_runtime_Error_policyDefault__E)
                  00007b54    00000114     stk.aem4f : nimu.oem4f (.text:NIMUIoctl)
                  00007c68    00000110               : node.oem4f (.text:NodeTreeFree)
                  00007d78    00000110               : raw.oem4f (.text:RawInput)
                  00007e88    00000110     rtsv7M4_T_le_v4SPD16_eabi.lib : strtoul.c.obj (.text:strtoul)
                  00007f98    0000010c     stk.aem4f : rtable.oem4f (.text:RtFind)
                  000080a4    0000010c     httpget.obj (.text:sendData2Server)
                  000081b0    0000010a     stk.aem4f : route.oem4f (.text:RtCreate)
                  000082ba    00000002     hal_userled_stub.aem4f : llled.oem4f (.text:_llUserLedInit)
                  000082bc    00000108     drivers_tivaware.aem4f : EMACSnow.oem4f (.text:EMACSnow_emacStart)
                  000083c4    00000004     driverlib.lib : i2c.obj (.text:I2CMasterControl)
                  000083c8    00000108     sysbios.aem4f : BIOS.obj (.text:ti_sysbios_family_arm_lm4_Timer_start__E)
                  000084d0    00000106     http_ndk.aem4f : httpcli.oem4f (.text:HTTPCli_getResponseField)
                  000085d6    00000002     hal_userled_stub.aem4f : llled.oem4f (.text:_llUserLedShutdown)
                  000085d8    00000104     os.aem4f : task.oem4f (.text:llEnter)
                  000086dc    00000102     nettool_ipv4.aem4f : dhcppkt.oem4f (.text:dhcpPacketProcess)
                  000087de    00000102                        : inetaddr.oem4f (.text:inet_aton)
                  000088e0    00000100     stk.aem4f : igmp.oem4f (.text:IGMPSendReply)
                  000089e0    00000100     ti.targets.arm.rtsarm.aem4f : Core-mem.oem4f (.text:xdc_runtime_Core_createObject__I)
                  00008ae0    000000fc     netctrl_min_ipv4.aem4f : netctrl.oem4f (.text:NetScheduler)
                  00008bdc    000000f8     stk.aem4f : pipe.oem4f (.text:PipeRecv)
                  00008cd4    000000f8     ti.targets.arm.rtsarm.aem4f : Startup.oem4f (.text:xdc_runtime_Startup_startMods__I)
                  00008dcc    000000f8     httpget_pem4f.oem4f (.text:xdc_runtime_System_printfExtend__I)
                  00008ec4    000000f4     os.aem4f : task.oem4f (.text:TaskGetEnv)
                  00008fb8    000000f4     sysbios.aem4f : m3_Hwi_asm.obj (.text:ti_sysbios_family_arm_m3_Hwi_dispatch__I)
                  000090ac    00000004     driverlib.lib : i2c.obj (.text:I2CMasterDataGet)
                  000090b0    000000f4     sysbios.aem4f : BIOS.obj (.text:ti_sysbios_knl_Task_Instance_init__E)
                  000091a4    000000f2     http_ndk.aem4f : httpcli.oem4f (.text:bufferedRecv)
                  00009296    00000002     rtsv7M4_T_le_v4SPD16_eabi.lib : _lock.c.obj (.text:_nop)
                  00009298    000000f0     stk.aem4f : lliout.oem4f (.text:LLIGenArpPacket)
                  00009388    000000f0               : sock.oem4f (.text:SockClose)
                  00009478    000000ee     nettool_ipv4.aem4f : dnspkt.oem4f (.text:DNSWriteRecord)
                  00009566    00000002     hal_ser_stub.aem4f : llserstb.oem4f (.text:llSerialService)
                  00009568    000000ec     http_ndk.aem4f : httpcli.oem4f (.text:redirect)
                  00009654    00000004     driverlib.lib : i2c.obj (.text:I2CMasterDataPut)
                  00009658    000000ec     sysbios.aem4f : BIOS.obj (.text:ti_sysbios_knl_Task_postInit__I)
                  00009744    000000e8     os.aem4f : task.oem4f (.text:TaskSetEnv)
                  0000982c    000000e6     nettool_ipv4.aem4f : dnspkt.oem4f (.text:DNSWriteName)
                  00009912    00000002     rtsv7M4_T_le_v4SPD16_eabi.lib : div0.asm.obj (.text)
                  00009914    000000e6     http_ndk.aem4f : httpcli.oem4f (.text:HTTPCli_initSockAddr)
                  000099fa    00000002     httpget_pem4f.oem4f (.text:ti_ndk_config_Global_NetworkClose)
                  000099fc    000000e0     drivers_tivaware.aem4f : I2CTiva.oem4f (.text:I2CTiva_open)
                  00009adc    000000e0     stk.aem4f : tcptime.oem4f (.text:TcpTimeoutRexmt)
                  00009bbc    000000dc               : sb.oem4f (.text:SBWrite)
                  00009c98    000000dc     nettool_ipv4.aem4f : dhcpsock.oem4f (.text:dhcpSocketOpen)
                  00009d74    000000dc                        : dhcpsm.oem4f (.text:dhcpState)
                  00009e50    000000d8     stk.aem4f : node.oem4f (.text:NodeAdd)
                  00009f28    000000d8               : tcpprot.oem4f (.text:TcpPrSetOption)
                  0000a000    000000d6     drivers_tivaware.aem4f : I2CTiva.oem4f (.text:I2CTiva_hwiFxn)
                  0000a0d6    00000002     httpget_pem4f.oem4f (.text:ti_ndk_config_Global_NetworkOpen)
                  0000a0d8    000000d4     drivers_tivaware.aem4f : EMACSnow.oem4f (.text:EMACSnow_handleRx)
                  0000a1ac    000000d4     stk.aem4f : sockpcb.oem4f (.text:SockPcbBind)
                  0000a280    000000d4     sysbios.aem4f : BIOS.obj (.text:ti_sysbios_heaps_HeapMem_alloc__E)
                  0000a354    000000d1     stk.aem4f : nimu.oem4f (.text:NIMUReceivePacket)
                  0000a425    00000001     --HOLE-- [fill = 0]
                  0000a426    00000002     httpget_pem4f.oem4f (.text:ti_sysbios_BIOS_nullFunc__I)
                  0000a428    000000cc     stk.aem4f : icmp.oem4f (.text:ICMPSendRtAdv)
                  0000a4f4    000000cc     nettool_ipv4.aem4f : dhcpbild.oem4f (.text:dhcpBuildHeader)
                  0000a5c0    000000cc                        : dhcpsm.oem4f (.text:dhcpIPAdd)
                  0000a68c    000000cc                        : dhcppkt.oem4f (.text:dhcpVerifyMessage)
                  0000a758    000000cc     ti.targets.arm.rtsarm.aem4f : Core-smem.oem4f (.text:xdc_runtime_Core_constructObject__I)
                  0000a824    000000c8     stk.aem4f : rawethsock.oem4f (.text:RawEthSockNew)
                  0000a8ec    000000c8     netctrl_min_ipv4.aem4f : netsrv.oem4f (.text:SPIpNet)
                  0000a9b4    000000c8     httpget.obj (.text:netIPAddrHook)
                  0000aa7c    00000004     os.aem4f : ossys.oem4f (.text:NDK_vsprintf)
                  0000aa80    000000c8     sysbios.aem4f : BIOS.obj (.text:ti_sysbios_knl_Task_sleep__E)
                  0000ab48    000000c4     drivers_tivaware.aem4f : EMACSnow.oem4f (.text:EMACSnow_InitDMADescriptors)
                  0000ac0c    000000c4     stk.aem4f : igmp.oem4f (.text:IGMPJoinHostGroup)
                  0000acd0    000000c4     nettool_ipv4.aem4f : dhcpsm.oem4f (.text:StateBound)
                  0000ad94    000000c4     http_ndk.aem4f : httpcli.oem4f (.text:getChunkedData)
                  0000ae58    000000c2     nettool_ipv4.aem4f : dnspkt.oem4f (.text:DNSReadName)
                  0000af1a    00000002     httpget_pem4f.oem4f (.text:xdc_runtime_Startup_reset__I)
                  0000af1c    000000be     nettool_ipv4.aem4f : dnsclnt.oem4f (.text:DNSGetHostByName)
                  0000afda    000000bc     stk.aem4f : sockpcb.oem4f (.text:SockPcbFind)
                  0000b096    00000002     --HOLE-- [fill = 0]
                  0000b098    000000bc               : vlan.oem4f (.text:VLANDeinit)
                  0000b154    00000004               : node.oem4f (.text:NodeSetRt)
                  0000b158    000000bc     sysbios.aem4f : BIOS.obj (.text:ti_sysbios_family_arm_m3_Hwi_excDebugMon__I)
                  0000b214    00000004     stk.aem4f : rawethsock_prot.oem4f (.text:RawEthSockPrAttach)
                  0000b218    000000bc     sysbios.aem4f : BIOS.obj (.text:ti_sysbios_family_arm_m3_Hwi_excHardFault__I)
                  0000b2d4    00000004     stk.aem4f : rawethsock_prot.oem4f (.text:RawEthSockPrDetach)
                  0000b2d8    000000bc     sysbios.aem4f : BIOS.obj (.text:ti_sysbios_knl_Task_exit__E)
                  0000b394    000000b8     EK_TM4C1294XL.obj (.text:EK_TM4C1294XL_initGeneral)
                  0000b44c    000000b8     stk.aem4f : icmpin.oem4f (.text:ICMPRevSrcRoute)
                  0000b504    000000b8               : lli.oem4f (.text:_LLITimeoutCheck)
                  0000b5bc    000000b4               : tcptime.oem4f (.text:TcpTimeoutKeep)
                  0000b670    000000b4     http_ndk.aem4f : httpcli.oem4f (.text:getStatus)
                  0000b724    00000004     os.aem4f : semaphore.oem4f (.text:SemPend)
                  0000b728    000000b4     sysbios.aem4f : BIOS.obj (.text:ti_sysbios_knl_Task_checkStacks__E)
                  0000b7dc    000000b1     nettool_ipv4.aem4f : inetaddr.oem4f (.text:createAddrInfo)
                  0000b88d    00000001     --HOLE-- [fill = 0]
                  0000b88e    000000b0     stk.aem4f : rawethsock.oem4f (.text:RawEthSockSet)
                  0000b93e    00000002     --HOLE-- [fill = 0]
                  0000b940    000000ac               : rtable.oem4f (.text:RtTimeoutCheck)
                  0000b9ec    000000ac     http_ndk.aem4f : httpcli.oem4f (.text:httpProxyTunnel)
                  0000ba98    000000ac     sysbios.aem4f : BIOS.obj (.text:ti_sysbios_family_arm_lm4_Timer_enableTiva__I)
                  0000bb44    000000aa     network_ndk.aem4f : ssock.oem4f (.text:Ssock_send)
                  0000bbee    00000002     --HOLE-- [fill = 0]
                  0000bbf0    000000a8     stk.aem4f : sockint.oem4f (.text:SockCreatePacket)
                  0000bc98    000000a4     sysbios.aem4f : BIOS.obj (.text:ti_sysbios_knl_Task_setPri__E)
                  0000bd3c    000000a2     httpget.obj (.text:main)
                  0000bdde    00000002     --HOLE-- [fill = 0]
                  0000bde0    000000a0     stk.aem4f : ip.oem4f (.text:IPGetRoute)
                  0000be80    000000a0     auto_init.aem4f : auto_init.oem4f (.text)
                  0000bf20    000000a0     ti.targets.arm.rtsarm.aem4f : Text.oem4f (.text:xdc_runtime_Text_putMod__E)
                  0000bfc0    0000009e     stk.aem4f : nimu.oem4f (.text:NIMUAddEthernetHeader)
                  0000c05e    0000009e     nettool_ipv4.aem4f : dhcpbild.oem4f (.text:dhcpBuildRequest)
                  0000c0fc    0000009c     stk.aem4f : exec.oem4f (.text:ExecOpen)
                  0000c198    0000009c     rtsv7M4_T_le_v4SPD16_eabi.lib : memcpy_t2.asm.obj (.text)
                  0000c234    0000009a     ti.targets.arm.rtsarm.aem4f : Text.oem4f (.text:xdc_runtime_Text_putSite__E)
                  0000c2ce    00000002     --HOLE-- [fill = 0]
                  0000c2d0    00000098     netctrl_min_ipv4.aem4f : netctrl.oem4f (.text:NC_SystemOpen)
                  0000c368    00000098                            : netsrv.oem4f (.text:ServiceScan)
                  0000c400    00000098     Boot.aem4f : Boot.oem4f (.text:ti_catalog_arm_cortexm4_tiva_ce_Boot_sysCtlClockFreqSet__E)
                  0000c498    00000098     sysbios.aem4f : BIOS.obj (.text:ti_sysbios_knl_Task_schedule__I)
                  0000c530    00000094     nettool_ipv4.aem4f : config.oem4f (.text:CfgRemoveEntry)
                  0000c5c4    00000004     os.aem4f : semaphore.oem4f (.text:SemPost)
                  0000c5c8    00000094     sysbios.aem4f : BIOS.obj (.text:ti_sysbios_family_arm_m3_Hwi_Instance_init__E)
                  0000c65c    00000004     os.aem4f : semaphore.oem4f (.text:SemReset)
                  0000c660    00000094     sysbios.aem4f : BIOS.obj (.text:ti_sysbios_family_arm_m3_Hwi_initNVIC__E)
                  0000c6f4    00000090     nettool_ipv4.aem4f : config.oem4f (.text:CfgExecute)
                  0000c784    00000090     stk.aem4f : igmp.oem4f (.text:IGMPMsg)
                  0000c814    00000090     os.aem4f : mem.oem4f (.text:mmBulkAlloc)
                  0000c8a4    00000090     http_ndk.aem4f : httpcli.oem4f (.text:readLine)
                  0000c934    00000004     network_ndk.aem4f : ssock.oem4f (.text:Ssock_getSocket)
                  0000c938    00000090     sysbios.aem4f : BIOS.obj (.text:ti_sysbios_knl_Task_Module_startup__E)
                  0000c9c8    00000090                   : BIOS.obj (.text:ti_sysbios_knl_Task_startCore__E)
                  0000ca58    0000008c     nettool_ipv4.aem4f : dnscomn.oem4f (.text:DNSResolveQuery)
                  0000cae4    0000008c     drivers_tivaware.aem4f : GPIOTiva.oem4f (.text:GPIO_init)
                  0000cb70    0000008c     stk.aem4f : ip.oem4f (.text:IPMsg)
                  0000cbfc    0000008c     os.aem4f : mem.oem4f (.text:_mmInit)
                  0000cc88    0000008c              : mem.oem4f (.text:mmInitPage)
                  0000cd14    0000008c     sysbios.aem4f : m3_TaskSupport_asm.obj (.text:ti_sysbios_family_arm_m3_TaskSupport_buildTaskStack)
                  0000cda0    0000008c                   : BIOS.obj (.text:ti_sysbios_knl_Event_post__E)
                  0000ce2c    0000008a     netctrl_min_ipv4.aem4f : netsrv.oem4f (.text:SPRoute)
                  0000ceb6    00000002     --HOLE-- [fill = 0]
                  0000ceb8    00000088                            : netsrv.oem4f (.text:ServiceSpawn)
                  0000cf40    00000088     stk.aem4f : sockpcb.oem4f (.text:SockPcbCtlError)
                  0000cfc8    00000087     httpget_pem4f.oem4f (.text:ti_ndk_config_Global_NetworkIPAddr)
                  0000d04f    00000001     --HOLE-- [fill = 0]
                  0000d050    00000086     nettool_ipv4.aem4f : dhcpsm.oem4f (.text:StateRequesting)
                  0000d0d6    00000002     --HOLE-- [fill = 0]
                  0000d0d8    00000084                        : config.oem4f (.text:CfgGetEntry)
                  0000d15c    00000084     drivers_tivaware.aem4f : EMACSnow.oem4f (.text:EMACSnow_processPhyInterrupt)
                  0000d1e0    00000084     stk.aem4f : tcpprot.oem4f (.text:TcpPrAttach)
                  0000d264    00000084     os.aem4f : mem.oem4f (.text:mmBulkFree)
                  0000d2e8    00000084              : mem.oem4f (.text:mmFree)
                  0000d36c    00000004              : task.oem4f (.text:TaskSelf)
                  0000d370    00000084     sysbios.aem4f : BIOS.obj (.text:ti_sysbios_family_arm_m3_Hwi_postInit__I)
                  0000d3f4    00000082     nettool_ipv4.aem4f : dhcpsm.oem4f (.text:StateRenewRebind)
                  0000d476    00000002     --HOLE-- [fill = 0]
                  0000d478    00000080     drivers_tivaware.aem4f : EMACSnow.oem4f (.text:EMACSnow_emacStop)
                  0000d4f8    00000080                            : EMACSnow.oem4f (.text:EMACSnow_processPendingTx)
                  0000d578    00000080     stk.aem4f : lli.oem4f (.text:LLINew)
                  0000d5f8    00000080     netctrl_min_ipv4.aem4f : netsrv.oem4f (.text:NS_BootTask)
                  0000d678    00000080     stk.aem4f : pbm.oem4f (.text:PBM_alloc)
                  0000d6f8    00000080               : raw.oem4f (.text:RawOutput)
                  0000d778    0000007e     drivers_tivaware.aem4f : I2CTiva.oem4f (.text:I2CTiva_transfer)
                  0000d7f6    0000007e     stk.aem4f : fileuser.oem4f (.text:fdClose)
                  0000d874    0000007c     nettool_ipv4.aem4f : config.oem4f (.text:CfgGetNextEntry)
                  0000d8f0    0000007c     drivers_tivaware.aem4f : EMACSnow.oem4f (.text:EMACSnow_hwiIntFxn)
                  0000d96c    0000007c     stk.aem4f : igmp.oem4f (.text:IGMPDoMCast)
                  0000d9e8    0000007c               : igmp.oem4f (.text:IGMPJoin)
                  0000da64    0000007c               : socket.oem4f (.text:NDK_setsockopt)
                  0000dae0    0000007c               : nimu.oem4f (.text:NIMURegister)
                  0000db5c    0000007c               : pbm.oem4f (.text:PBM_free)
                  0000dbd8    0000007c     nettool_ipv4.aem4f : inetaddr.oem4f (.text:inet_pton)
                  0000dc54    00000004     os.aem4f : task.oem4f (.text:TaskSetPri)
                  0000dc58    0000007c     sysbios.aem4f : BIOS.obj (.text:ti_sysbios_heaps_HeapMem_free__E)
                  0000dcd4    0000007a     rtsv7M4_T_le_v4SPD16_eabi.lib : memset_t2.asm.obj (.text)
                  0000dd4e    00000002     --HOLE-- [fill = 0]
                  0000dd50    00000078     driverlib.lib : emac.obj (.text:EMACInit)
                  0000ddc8    00000078     stk.aem4f : socket.oem4f (.text:NDK_sendto)
                  0000de40    00000078               : tcptime.oem4f (.text:TcpXmitTimer)
                  0000deb8    00000078               : fileuser.oem4f (.text:fdOpenSession)
                  0000df30    00000078     os.aem4f : task.oem4f (.text:llExit)
                  0000dfa8    00000076     stk.aem4f : pipe.oem4f (.text:PipeSend)
                  0000e01e    00000002     --HOLE-- [fill = 0]
                  0000e020    00000075               : tcptime.oem4f (.text:TcpTimeoutSackRexmt)
                  0000e095    00000003     --HOLE-- [fill = 0]
                  0000e098    00000074               : igmp.oem4f (.text:IGMPLeaveHostGroup)
                  0000e10c    00000074               : nimu.oem4f (.text:NIMUShutdown)
                  0000e180    00000074               : raweth.oem4f (.text:RawEthRxPacket)
                  0000e1f4    00000074               : sockpcb.oem4f (.text:SockPcbConnect)
                  0000e268    00000074     nettool_ipv4.aem4f : inetaddr.oem4f (.text:setAddrInfo)
                  0000e2dc    00000072     os.aem4f : semaphore.oem4f (.text:SemCreateBinary)
                  0000e34e    00000002     --HOLE-- [fill = 0]
                  0000e350    00000070     http_ndk.aem4f : httpcli.oem4f (.text:HTTPCli_sendRequest)
                  0000e3c0    00000070     stk.aem4f : socket.oem4f (.text:NDK_send)
                  0000e430    00000070               : rtable.oem4f (.text:RtFlush)
                  0000e4a0    00000070     netctrl_min_ipv4.aem4f : netsrv.oem4f (.text:SPConfig)
                  0000e510    00000070     stk.aem4f : sock.oem4f (.text:SockShutdown)
                  0000e580    00000070     nettool_ipv4.aem4f : dhcptags.oem4f (.text:dhcpDecodeType)
                  0000e5f0    00000070     sysbios.aem4f : BIOS.obj (.text:ti_sysbios_knl_Clock_workFunc__E)
                  0000e660    0000006e     stk.aem4f : socket.oem4f (.text:NDK_recv)
                  0000e6ce    00000002     --HOLE-- [fill = 0]
                  0000e6d0    0000006e               : rtable.oem4f (.text:RtWalkNext)
                  0000e73e    0000006e               : sockpcb.oem4f (.text:SockPcbFindRaw)
                  0000e7ac    0000006d               : node.oem4f (.text:NodeNew)
                  0000e819    00000003     --HOLE-- [fill = 0]
                  0000e81c    0000006d     ti.targets.arm.rtsarm.aem4f : System.oem4f (.text:xdc_runtime_System_formatNum__I)
                  0000e889    00000003     --HOLE-- [fill = 0]
                  0000e88c    0000006c     os.aem4f : ossys.oem4f (.text:DbgPrintf)
                  0000e8f8    0000006c     stk.aem4f : node.oem4f (.text:NodeTreeNew)
                  0000e964    0000006c               : raweth.oem4f (.text:RawEthTxPacket)
                  0000e9d0    0000006c               : udp.oem4f (.text:UdpChecksum)
                  0000ea3c    0000006c     http_ndk.aem4f : httpcli.oem4f (.text:checkContentField)
                  0000eaa8    0000006c     httpget_pem4f.oem4f (.text:ti_ndk_config_ip_init)
                  0000eb14    00000004     hal_ser_stub.aem4f : llserstb.oem4f (.text:_llSerialInit)
                  0000eb18    0000006c     sysbios.aem4f : BIOS.obj (.text:ti_sysbios_knl_Swi_restoreHwi__E)
                  0000eb84    0000006c     ti.targets.arm.rtsarm.aem4f : Error.oem4f (.text:xdc_runtime_Error_print__E)
                  0000ebf0    0000006c                                 : Memory.oem4f (.text:xdc_runtime_Memory_alloc__E)
                  0000ec5c    0000006a     stk.aem4f : tcpprot.oem4f (.text:TcpPrInherit)
                  0000ecc6    00000002     --HOLE-- [fill = 0]
                  0000ecc8    00000068     EK_TM4C1294XL.obj (.text:EK_TM4C1294XL_initI2C)
                  0000ed30    00000068     stk.aem4f : socket.oem4f (.text:NDK_socket)
                  0000ed98    00000068               : pbm.oem4f (.text:PBM_open)
                  0000ee00    00000068               : rtable.oem4f (.text:_RtNodeInsert)
                  0000ee68    00000068     rtsv7M4_T_le_v4SPD16_eabi.lib : copy_decompress_lzss.c.obj (.text:decompress:lzss:__TI_decompress_lzss)
                  0000eed0    00000066     ti.targets.arm.rtsarm.aem4f : Core-mem.oem4f (.text:xdc_runtime_Core_deleteObject__I)
                  0000ef36    00000002     --HOLE-- [fill = 0]
                  0000ef38    00000064     nettool_ipv4.aem4f : config.oem4f (.text:CfgFree)
                  0000ef9c    00000064     drivers_tivaware.aem4f : GPIOTiva.oem4f (.text:GPIO_hwiIntFxn)
                  0000f000    00000064     stk.aem4f : pbm.oem4f (.text:PBMQ_enq)
                  0000f064    00000064               : sockint.oem4f (.text:SockSpawnAbort)
                  0000f0c8    00000064     hal_timer_bios.aem4f : lltimer.oem4f (.text:llTimerTick)
                  0000f12c    00000004     rtsv7M4_T_le_v4SPD16_eabi.lib : exit.c.obj (.text:abort:abort)
                  0000f130    00000064     sysbios.aem4f : BIOS.obj (.text:ti_sysbios_family_arm_lm4_Timer_Module_startup__E)
                  0000f194    00000064     httpget_pem4f.oem4f (.text:ti_sysbios_family_arm_m3_Hwi_create)
                  0000f1f8    00000064     sysbios.aem4f : BIOS.obj (.text:ti_sysbios_family_arm_m3_Hwi_dispatchC__I)
                  0000f25c    00000004     stk.aem4f : listlib.oem4f (.text:list_get_head)
                  0000f260    00000064     sysbios.aem4f : BIOS.obj (.text:ti_sysbios_knl_Semaphore_post__E)
                  0000f2c4    00000064     stk.aem4f : lliin.oem4f (.text:updateRtTable)
                  0000f328    00000062     drivers_tivaware.aem4f : I2CTiva.oem4f (.text:I2CTiva_primeTransfer)
                  0000f38a    00000062     stk.aem4f : ipin.oem4f (.text:IPRouteIP)
                  0000f3ec    00000062               : sb.oem4f (.text:SBNew)
                  0000f44e    00000002     --HOLE-- [fill = 0]
                  0000f450    00000060     nettool_ipv4.aem4f : config.oem4f (.text:CfgGetEntryCnt)
                  0000f4b0    00000060     stk.aem4f : file.oem4f (.text:FdWaitEvent)
                  0000f510    00000060               : nimu.oem4f (.text:NIMUUnregister)
                  0000f570    00000060               : node.oem4f (.text:NodeFind)
                  0000f5d0    00000060               : rtc.oem4f (.text:RTCMsg)
                  0000f630    00000060               : tcp.oem4f (.text:TcpChecksum)
                  0000f690    00000060     nettool_ipv4.aem4f : dhcptags.oem4f (.text:dhcpBuildOptions)
                  0000f6f0    00000060     httpget_pem4f.oem4f (.text:ti_ndk_config_Global_serviceReport)
                  0000f750    0000005e     stk.aem4f : route.oem4f (.text:RtRemove)
                  0000f7ae    0000005e     nettool_ipv4.aem4f : dhcpsm.oem4f (.text:StateSelecting)
                  0000f80c    0000005e     stk.aem4f : vlan.oem4f (.text:VLANReceivePacket)
                  0000f86a    00000002     --HOLE-- [fill = 0]
                  0000f86c    0000005c     nettool_ipv4.aem4f : config.oem4f (.text:CfgSetExecuteOrder)
                  0000f8c8    0000005c     stk.aem4f : nimu.oem4f (.text:NIMUIoctlSpecialCmd)
                  0000f924    0000005c     netctrl_min_ipv4.aem4f : netsrv.oem4f (.text:SPService)
                  0000f980    0000005c     httpget_pem4f.oem4f (.text:ti_sysbios_knl_Swi_create)
                  0000f9dc    00000004     stk.aem4f : listlib.oem4f (.text:list_get_next)
                  0000f9e0    0000005c     sysbios.aem4f : BIOS.obj (.text:ti_sysbios_knl_Swi_run__I)
                  0000fa3c    00000004     http_ndk.aem4f : httpcli.oem4f (.text:threadExit)
                  0000fa40    0000005c     sysbios.aem4f : BIOS.obj (.text:ti_sysbios_knl_Swi_schedule__I)
                  0000fa9c    0000005c     httpget_pem4f.oem4f (.text:ti_sysbios_knl_Task_create)
                  0000faf8    0000005c     sysbios.aem4f : BIOS.obj (.text:ti_sysbios_knl_Task_unblockI__E)
                  0000fb54    0000005b     ti.targets.arm.rtsarm.aem4f : Text.oem4f (.text:xdc_runtime_Text_putLab__E)
                  0000fbaf    00000001     --HOLE-- [fill = 0]
                  0000fbb0    0000005a     stk.aem4f : route.oem4f (.text:RtRedirect)
                  0000fc0a    0000005a               : tcpprot.oem4f (.text:TcpValidateMetrics)
                  0000fc64    0000005a     nettool_ipv4.aem4f : dhcpbild.oem4f (.text:dhcpBuildDecline)
                  0000fcbe    0000005a     os.aem4f : mem.oem4f (.text:mmCopy)
                  0000fd18    0000005a     httpget_pem4f.oem4f (.text:ti_ndk_config_tcp_init)
                  0000fd72    00000002     --HOLE-- [fill = 0]
                  0000fd74    00000058     stk.aem4f : bind.oem4f (.text:BindFree)
                  0000fdcc    00000058     boot.aem4f : boot.oem4f (.text)
                  0000fe24    00000058     driverlib.lib : emac.obj (.text:EMACPHYConfigSet)
                  0000fe7c    00000058     rtsv7M4_T_le_v4SPD16_eabi.lib : hostwrite.c.obj (.text:HOSTwrite)
                  0000fed4    00000058     stk.aem4f : igmp.oem4f (.text:IGMPTimer)
                  0000ff2c    00000058     os.aem4f : semaphore.oem4f (.text:SemCreate)
                  0000ff84    00000058     httpget_pem4f.oem4f (.text:ti_sysbios_family_arm_m3_Hwi_construct)
                  0000ffdc    00000058     sysbios.aem4f : m3_Hwi_asm_switch.obj (.text:ti_sysbios_family_arm_m3_Hwi_initStacks__E)
                  00010034    00000056     driverlib.lib : gpio.obj (.text:GPIOIntTypeSet)
                  0001008a    00000056     http_ndk.aem4f : httpcli.oem4f (.text:sprsend)
                  000100e0    00000054     nettool_ipv4.aem4f : config.oem4f (.text:CfgEntryDeRef)
                  00010134    00000054     http_ndk.aem4f : httpcli.oem4f (.text:HTTPCli_sendField)
                  00010188    00000054     stk.aem4f : igmp.oem4f (.text:IGMPLeave)
                  000101dc    00000054               : rawethsock_pcb.oem4f (.text:RawEthSockPcbAttach)
                  00010230    00000054               : sockpcb.oem4f (.text:SockCleanPcb)
                  00010284    00000054               : tcptime.oem4f (.text:TcpTimeoutPersist)
                  000102d8    00000054     http_ndk.aem4f : httpcli.oem4f (.text:asyncThread)
                  0001032c    00000004     httpget_pem4f.oem4f (.text:ti_sysbios_BIOS_RtsGateProxy_enter__E)
                  00010330    00000054     sysbios.aem4f : BIOS.obj (.text:ti_sysbios_family_arm_lm4_Timer_initDevice__I)
                  00010384    00000004     httpget_pem4f.oem4f (.text:ti_sysbios_BIOS_RtsGateProxy_leave__E)
                  00010388    00000054     sysbios.aem4f : BIOS.obj (.text:ti_sysbios_knl_Swi_Instance_init__E)
                  000103dc    00000054     ti.targets.arm.rtsarm.aem4f : Assert.oem4f (.text:xdc_runtime_Assert_raise__I)
                  00010430    00000052     nettool_ipv4.aem4f : dnscomn.oem4f (.text:DNSReplyFree)
                  00010482    00000052     stk.aem4f : tcpprot.oem4f (.text:TcpPrDetach)
                  000104d4    00000050     drivers_tivaware.aem4f : GPIOTiva.oem4f (.text:GPIO_setCallback)
                  00010524    00000050                            : GPIOTiva.oem4f (.text:GPIO_write)
                  00010574    00000050     stk.aem4f : socket.oem4f (.text:NDK_bind)
                  000105c4    00000050               : socket.oem4f (.text:NDK_connect)
                  00010614    00000050               : route.oem4f (.text:RtNew)
                  00010664    00000050     driverlib.lib : sysctl.obj (.text:SysCtlPeripheralReset)
                  000106b4    00000050     Boot.aem4f : Boot_sysctl.oem4f (.text:_SysCtlFrequencyGet)
                  00010704    00000004     sysbios.aem4f : BIOS.obj (.text:ti_sysbios_family_arm_lm4_Timer_masterEnable__I)
                  00010708    00000050                   : BIOS.obj (.text:ti_sysbios_family_arm_m3_Hwi_Module_startup__E)
                  00010758    00000050                   : BIOS.obj (.text:ti_sysbios_knl_Clock_Instance_init__E)
                  000107a8    00000050     ti.targets.arm.rtsarm.aem4f : Startup.oem4f (.text:xdc_runtime_Startup_exec__E)
                  000107f8    00000050                                 : Text.oem4f (.text:xdc_runtime_Text_visitRope2__I)
                  00010848    0000004e     stk.aem4f : node.oem4f (.text:NodeDeRef)
                  00010896    0000004e     nettool_ipv4.aem4f : config.oem4f (.text:_CfgEntryScan)
                  000108e4    0000004c                        : ipaddr.oem4f (.text:NtAddNetwork)
                  00010930    0000004c     stk.aem4f : sockint.oem4f (.text:SockValidateRoute)
                  0001097c    0000004c     rtsv7M4_T_le_v4SPD16_eabi.lib : atoi.c.obj (.text:atoi)
                  000109c8    0000004c                                   : cpy_tbl.c.obj (.text:copy_in)
                  00010a14    00000004     httpget_pem4f.oem4f (.text:ti_sysbios_family_arm_m3_Hwi_delete)
                  00010a18    0000004c     sysbios.aem4f : BIOS.obj (.text:ti_sysbios_heaps_HeapMem_getStats__E)
                  00010a64    00000004     httpget_pem4f.oem4f (.text:ti_sysbios_family_arm_m3_Hwi_destruct)
                  00010a68    0000004c     sysbios.aem4f : BIOS.obj (.text:ti_sysbios_knl_Swi_runLoop__I)
                  00010ab4    00000004     httpget_pem4f.oem4f (.text:ti_sysbios_family_arm_m3_TaskSupport_Module__startupDone__S)
                  00010ab8    0000004c     sysbios.aem4f : BIOS.obj (.text:ti_sysbios_knl_Task_allBlockedFunction__I)
                  00010b04    0000004a     netctrl_min_ipv4.aem4f : netsrv.oem4f (.text:ServiceKill)
                  00010b4e    0000004a     stk.aem4f : sock.oem4f (.text:SockDisconnect)
                  00010b98    0000004a               : timer.oem4f (.text:TimerNew)
                  00010be2    00000048     nettool_ipv4.aem4f : config.oem4f (.text:CfgNew)
                  00010c2a    00000002     --HOLE-- [fill = 0]
                  00010c2c    00000048     driverlib.lib : gpio.obj (.text:GPIOPinConfigure)
                  00010c74    00000048                   : i2c.obj (.text:I2CMasterInitExpClk)
                  00010cbc    00000048     stk.aem4f : lli.oem4f (.text:LLIMsg)
                  00010d04    00000048               : node.oem4f (.text:NodeWalk)
                  00010d4c    00000048               : rawethsock_pcb.oem4f (.text:RawEthSockPcbDetach)
                  00010d94    00000048               : sockpcb.oem4f (.text:SockPcbResolveChain)
                  00010ddc    00000048               : tcpprot.oem4f (.text:TcpDrop)
                  00010e24    00000048               : lli.oem4f (.text:_LLIExpListInsert)
                  00010e6c    00000048               : rtable.oem4f (.text:_RtExpListInsert)
                  00010eb4    00000048               : file.oem4f (.text:fdint_lockfd)
                  00010efc    00000004     httpget_pem4f.oem4f (.text:ti_sysbios_heaps_HeapMem_Module_GateProxy_enter__E)
                  00010f00    00000048     sysbios.aem4f : BIOS.obj (.text:ti_sysbios_family_arm_lm4_Timer_enableTimers__I)
                  00010f48    00000048                   : BIOS.obj (.text:ti_sysbios_family_arm_m3_Hwi_disableInterrupt__E)
                  00010f90    00000048                   : BIOS.obj (.text:ti_sysbios_family_arm_m3_Hwi_enableInterrupt__E)
                  00010fd8    00000048                   : BIOS.obj (.text:ti_sysbios_family_arm_m3_Hwi_excReserved__I)
                  00011020    00000048                   : BIOS.obj (.text:ti_sysbios_knl_Task_deleteTerminatedTasksFunc__I)
                  00011068    00000046     nettool_ipv4.aem4f : ipaddr.oem4f (.text:NtIfIdx2Ip)
                  000110ae    00000046     stk.aem4f : rawethsock.oem4f (.text:RawEthSockSend)
                  000110f4    00000046               : tcpprot.oem4f (.text:TcpPrCtlError)
                  0001113a    00000046     os.aem4f : mem.oem4f (.text:mmZeroInit)
                  00011180    00000046     ti.targets.arm.rtsarm.aem4f : Core-params.oem4f (.text:xdc_runtime_Core_assignParams__I)
                  000111c6    00000002     --HOLE-- [fill = 0]
                  000111c8    00000044     drivers_tivaware.aem4f : EMACSnow.oem4f (.text:EMACSnow_processTransmitted)
                  0001120c    00000044     stk.aem4f : icmp.oem4f (.text:ICMPChecksum)
                  00011250    00000044               : ipfrag.oem4f (.text:IPReasmFree)
                  00011294    00000044               : lli.oem4f (.text:LLIGetValidTime)
                  000112d8    00000044               : rtable.oem4f (.text:RouteMsg)
                  0001131c    00000044               : rtable.oem4f (.text:RtWalkEnd)
                  00011360    00000044               : sockpcb.oem4f (.text:SockPcbDetach)
                  000113a4    00000044               : timer.oem4f (.text:TimerListInsert)
                  000113e8    00000044     hal_timer_bios.aem4f : lltimer.oem4f (.text:llTimerGetTime)
                  0001142c    00000044     httpget.obj (.text:socketTask)
                  00011470    00000044     sysbios.aem4f : BIOS.obj (.text:ti_sysbios_family_arm_lm4_Timer_isrStub__E)
                  000114b4    00000004     httpget_pem4f.oem4f (.text:ti_sysbios_heaps_HeapMem_Module_GateProxy_leave__E)
                  000114b8    00000044     sysbios.aem4f : BIOS.obj (.text:ti_sysbios_family_arm_m3_Hwi_getStackInfo__E)
                  000114fc    00000004     httpget_pem4f.oem4f (.text:ti_sysbios_knl_Clock_TimerProxy_getMaxTicks__E)
                  00011500    00000044     sysbios.aem4f : BIOS.obj (.text:ti_sysbios_knl_Swi_post__E)
                  00011544    00000044     ti.targets.arm.rtsarm.aem4f : Error.oem4f (.text:xdc_runtime_Error_setX__E)
                  00011588    00000044                                 : SysMin.oem4f (.text:xdc_runtime_SysMin_flush__E)
                  000115cc    00000044                                 : Text.oem4f (.text:xdc_runtime_Text_xprintf__I)
                  00011610    00000042     stk.aem4f : tcpprot.oem4f (.text:TcpPrSendOOB)
                  00011652    00000042               : fileuser.oem4f (.text:fdCloseSession)
                  00011694    00000040     nettool_ipv4.aem4f : dnspkt.oem4f (.text:DNSBuildRequest)
                  000116d4    00000040     http_ndk.aem4f : httpcli.oem4f (.text:HTTPCli_readResponseBody)
                  00011714    00000040     stk.aem4f : lliin.oem4f (.text:LLIValidateRoute)
                  00011754    00000040               : pbm.oem4f (.text:PBM_copy)
                  00011794    00000040               : sockpcb.oem4f (.text:SockPcbRtChange)
                  000117d4    00000040               : tcpprot.oem4f (.text:TcpPrSend)
                  00011814    00000040     rtsv7M4_T_le_v4SPD16_eabi.lib : u_divt2.asm.obj (.text)
                  00011854    00000040     http_ndk.aem4f : httpcli.oem4f (.text:threadCreate)
                  00011894    00000004     httpget_pem4f.oem4f (.text:ti_sysbios_knl_Queue_destruct)
                  00011898    00000040     sysbios.aem4f : BIOS.obj (.text:ti_sysbios_family_arm_lm4_Timer_startup__E)
                  000118d8    00000040                   : BIOS.obj (.text:ti_sysbios_heaps_HeapMem_Instance_init__E)
                  00011918    0000003e     nettool_ipv4.aem4f : dhcpmain.oem4f (.text:DHCPClose)
                  00011956    00000002     --HOLE-- [fill = 0]
                  00011958    0000003e     stk.aem4f : nimu.oem4f (.text:NIMUAllocateName)
                  00011996    0000003e     os.aem4f : task.oem4f (.text:TaskCreate)
                  000119d4    0000003e     stk.aem4f : tcpprot.oem4f (.text:TcpPrDisconnect)
                  00011a12    0000003e               : file.oem4f (.text:fdint_unlockfd)
                  00011a50    0000003c     nettool_ipv4.aem4f : config.oem4f (.text:CfgEntryGetData)
                  00011a8c    0000003c     driverlib.lib : emac.obj (.text:EMACIntDisable)
                  00011ac8    0000003c     stk.aem4f : node.oem4f (.text:NodeUpdatePL)
                  00011b04    0000003c               : rtable.oem4f (.text:RtWalkBegin)
                  00011b40    0000003c               : tcpprot.oem4f (.text:TcpPrConnect)
                  00011b7c    0000003c               : tcptime.oem4f (.text:TcpSetPersist)
                  00011bb8    0000003c               : rtc.oem4f (.text:_RTCSendRtAdv)
                  00011bf4    0000003c               : rtable.oem4f (.text:_RtNodeRemove)
                  00011c30    0000003c     hal_timer_bios.aem4f : lltimer.oem4f (.text:_llTimerInit)
                  00011c6c    0000003c     rtsv7M4_T_le_v4SPD16_eabi.lib : strncasecmp.c.obj (.text:strncasecmp)
                  00011ca8    0000003c     sysbios.aem4f : BIOS.obj (.text:ti_sysbios_family_arm_m3_Hwi_excSvCall__I)
                  00011ce4    00000004     httpget_pem4f.oem4f (.text:ti_sysbios_knl_Semaphore_delete)
                  00011ce8    0000003c     sysbios.aem4f : BIOS.obj (.text:ti_sysbios_heaps_HeapMem_init__I)
                  00011d24    00000004     httpget_pem4f.oem4f (.text:ti_sysbios_knl_Semaphore_destruct)
                  00011d28    0000003c     sysbios.aem4f : BIOS.obj (.text:ti_sysbios_knl_Swi_restore__E)
                  00011d64    0000003a     driverlib.lib : emac.obj (.text:EMACIntEnable)
                  00011d9e    0000003a     drivers_tivaware.aem4f : I2CTiva.oem4f (.text:I2CTiva_completeTransfer)
                  00011dd8    00000038     driverlib.lib : emac.obj (.text:EMACConfigGet)
                  00011e10    00000038     drivers_tivaware.aem4f : I2C.oem4f (.text:I2C_init)
                  00011e48    00000038     stk.aem4f : ipfrag.oem4f (.text:IPReasmTimeout)
                  00011e80    00000038               : node.oem4f (.text:NodeGetRt)
                  00011eb8    00000038     driverlib.lib : sysctl.obj (.text:SysCtlPeripheralReady)
                  00011ef0    00000038     stk.aem4f : tcpprot.oem4f (.text:TcpClose)
                  00011f28    00000038               : timer.oem4f (.text:TimerHSTick)
                  00011f60    00000038     rtsv7M4_T_le_v4SPD16_eabi.lib : trgmsg.c.obj (.text:__TI_writemsg)
                  00011f98    00000038     nettool_ipv4.aem4f : dhcpbild.oem4f (.text:dhcpBuildDiscover)
                  00011fd0    00000038                        : dhcptags.oem4f (.text:dhcpOptionsClear)
                  00012008    00000038     stk.aem4f : file.oem4f (.text:fdint_waitevent)
                  00012040    00000038     sysbios.aem4f : BIOS.obj (.text:ti_sysbios_family_arm_m3_Hwi_excNoIsr__I)
                  00012078    00000038     httpget_pem4f.oem4f (.text:ti_sysbios_knl_Clock_create)
                  000120b0    00000038     sysbios.aem4f : BIOS.obj (.text:ti_sysbios_knl_Task_processVitalTaskFlag__I)
                  000120e8    00000038     ti.targets.arm.rtsarm.aem4f : SysMin.oem4f (.text:xdc_runtime_SysMin_putch__E)
                  00012120    00000038                                 : System.oem4f (.text:xdc_runtime_System_atexit__E)
                  00012158    00000036     drivers_tivaware.aem4f : I2CTiva.oem4f (.text:I2CTiva_close)
                  0001218e    00000036     stk.aem4f : ip.oem4f (.text:IPChecksum)
                  000121c4    00000036     network_ndk.aem4f : ssock.oem4f (.text:Ssock_recv)
                  000121fa    00000036     rtsv7M4_T_le_v4SPD16_eabi.lib : strncpy.c.obj (.text:strncpy)
                  00012230    00000035     httpget.obj (.text:printError)
                  00012265    00000003     --HOLE-- [fill = 0]
                  00012268    00000034     nettool_ipv4.aem4f : config.oem4f (.text:CfgSetService)
                  0001229c    00000034     driverlib.lib : emac.obj (.text:EMACConfigSet)
                  000122d0    00000034                   : emac.obj (.text:EMACIntClear)
                  00012304    00000034     drivers_tivaware.aem4f : EMACSnow.oem4f (.text:EMACSnow_emacPoll)
                  00012338    00000034                            : EMACSnow.oem4f (.text:EMACSnow_isLinkUp)
                  0001236c    00000034                            : EMAC.oem4f (.text:EMAC_init)
                  000123a0    00000034     stk.aem4f : exec.oem4f (.text:ExecClose)
                  000123d4    00000034               : nimu.oem4f (.text:NIMUFindByName)
                  00012408    00000034               : nimu.oem4f (.text:NIMUInit)
                  0001243c    00000034               : rawethsock.oem4f (.text:RawEthSockNotify)
                  00012470    00000034               : sockprot.oem4f (.text:SockPrCtlError)
                  000124a4    00000034     driverlib.lib : sysctl.obj (.text:SysCtlPeripheralEnable)
                  000124d8    00000034     rtsv7M4_T_le_v4SPD16_eabi.lib : trgmsg.c.obj (.text:__TI_readmsg)
                  0001250c    00000034     os.aem4f : mem.oem4f (.text:mmUnInitPage)
                  00012540    00000034              : ossys.oem4f (.text:stricmp)
                  00012574    00000034     rtsv7M4_T_le_v4SPD16_eabi.lib : strstr.c.obj (.text:strstr)
                  000125a8    00000034     sysbios.aem4f : BIOS.obj (.text:ti_sysbios_family_arm_m3_Hwi_Instance_finalize__E)
                  000125dc    00000004     httpget_pem4f.oem4f (.text:ti_sysbios_knl_Swi_delete)
                  000125e0    00000034     sysbios.aem4f : BIOS.obj (.text:ti_sysbios_family_arm_m3_Hwi_excNmi__I)
                  00012614    00000004     httpget_pem4f.oem4f (.text:ti_sysbios_knl_Task_delete)
                  00012618    00000034     sysbios.aem4f : BIOS.obj (.text:ti_sysbios_hal_Hwi_checkStack)
                  0001264c    00000034     httpget_pem4f.oem4f (.text:ti_sysbios_knl_Semaphore_create)
                  00012680    00000034     ti.targets.arm.rtsarm.aem4f : Core-label.oem4f (.text:xdc_runtime_Core_assignLabel__I)
                  000126b4    00000033                                 : Text.oem4f (.text:xdc_runtime_Text_printVisFxn__I)
                  000126e7    00000001     --HOLE-- [fill = 0]
                  000126e8    00000032     nettool_ipv4.aem4f : config.oem4f (.text:CfgGetImmediate)
                  0001271a    00000032     stk.aem4f : route.oem4f (.text:RtDeRef)
                  0001274c    00000032               : route.oem4f (.text:RtSetFailure)
                  0001277e    00000032               : sb.oem4f (.text:SBFlush)
                  000127b0    00000032               : sb.oem4f (.text:SBSetMax)
                  000127e2    00000032               : sock.oem4f (.text:SockIntAbort)
                  00012814    00000032     nettool_ipv4.aem4f : config.oem4f (.text:_CfgAcquire)
                  00012846    00000032                        : dhcpsm.oem4f (.text:dhcpIPRemove)
                  00012878    00000032     sysbios.aem4f : BIOS.obj (.text:ti_sysbios_hal_Hwi_initStack)
                  000128aa    00000006     driverlib.lib : emac.obj (.text:EMACTxDMADescriptorListSet)
                  000128b0    00000032     sysbios.aem4f : BIOS.obj (.text:ti_sysbios_knl_Event_pendTimeout__I)
                  000128e2    00000006     driverlib.lib : gpio.obj (.text:GPIOIntClear)
                  000128e8    00000032     sysbios.aem4f : BIOS.obj (.text:ti_sysbios_knl_Semaphore_pendTimeout__I)
                  0001291a    00000030     driverlib.lib : emac.obj (.text:EMACAddrSet)
                  0001294a    00000002     --HOLE-- [fill = 0]
                  0001294c    00000030     drivers_tivaware.aem4f : EMACSnow.oem4f (.text:EMACSnow_handlePackets)
                  0001297c    00000030                            : I2C.oem4f (.text:I2C_open)
                  000129ac    00000030     netctrl_min_ipv4.aem4f : netsrv.oem4f (.text:NS_PreBoot)
                  000129dc    00000030     stk.aem4f : sock.oem4f (.text:SockBind)
                  00012a0c    00000030     nettool_ipv4.aem4f : dhcpsock.oem4f (.text:dhcpPacketSend)
                  00012a3c    00000030     stk.aem4f : listlib.oem4f (.text:list_remove_node)
                  00012a6c    00000030     http_ndk.aem4f : httpcli.oem4f (.text:skipLine)
                  00012a9c    00000030     httpget_pem4f.oem4f (.text:ti_sysbios_BIOS_atExitFunc__I)
                  00012acc    00000004     ti.targets.arm.rtsarm.aem4f : Error.oem4f (.text:xdc_runtime_Error_getMsg__E)
                  00012ad0    00000030     sysbios.aem4f : BIOS.obj (.text:ti_sysbios_family_arm_lm4_Timer_stop__E)
                  00012b00    00000030                   : BIOS.obj (.text:ti_sysbios_family_arm_m3_TaskSupport_start__E)
                  00012b30    00000030     httpget_pem4f.oem4f (.text:ti_sysbios_gates_GateHwi_Object__create__S)
                  00012b60    00000030     httpget_pem4f.oem4f (.text:ti_sysbios_gates_GateMutex_Object__create__S)
                  00012b90    00000030     sysbios.aem4f : BIOS.obj (.text:ti_sysbios_gates_GateMutex_enter__E)
                  00012bc0    00000030     httpget_pem4f.oem4f (.text:ti_sysbios_heaps_HeapMem_Object__create__S)
                  00012bf0    00000030     httpget_pem4f.oem4f (.text:ti_sysbios_knl_Semaphore_construct)
                  00012c20    00000030     ti.targets.arm.rtsarm.aem4f : SysMin.oem4f (.text:xdc_runtime_SysMin_abort__E)
                  00012c50    00000030                                 : System.oem4f (.text:xdc_runtime_System_processAtExit__E)
                  00012c80    0000002e     stk.aem4f : sb.oem4f (.text:SBFree)
                  00012cae    0000002e     httpget_pem4f.oem4f (.text:malloc)
                  00012cdc    0000002e     rtsv7M4_T_le_v4SPD16_eabi.lib : strcasecmp.c.obj (.text:strcasecmp)
                  00012d0a    0000002c     driverlib.lib : emac.obj (.text:EMACIntStatus)
                  00012d36    0000002c     stk.aem4f : file.oem4f (.text:FdSignalEvent)
                  00012d62    00000002     --HOLE-- [fill = 0]
                  00012d64    0000002c               : igmp.oem4f (.text:IGMPTestGroup)
                  00012d90    0000002c     os.aem4f : task.oem4f (.text:NDK_hookCreate)
                  00012dbc    0000002c     stk.aem4f : nimu.oem4f (.text:NIMUAllocateIndex)
                  00012de8    0000002c               : nimu.oem4f (.text:NIMUPacketServiceCheck)
                  00012e14    0000002c               : pipe.oem4f (.text:PipeClose)
                  00012e40    0000002c               : sockpcb.oem4f (.text:SockPcbAttach)
                  00012e6c    0000002c               : lli.oem4f (.text:_LLIExpListRemove)
                  00012e98    0000002c               : lli.oem4f (.text:_LLITimeoutFlush)
                  00012ec4    0000002c               : rtable.oem4f (.text:_RtExpListRemove)
                  00012ef0    0000002c     http_ndk.aem4f : httpcli.oem4f (.text:lookUpResponseFields)
                  00012f1c    0000002c     rtsv7M4_T_le_v4SPD16_eabi.lib : strncmp.c.obj (.text:strncmp)
                  00012f48    0000002c     httpget_pem4f.oem4f (.text:ti_sysbios_knl_Clock_doTick__I)
                  00012f74    0000002c     httpget_pem4f.oem4f (.text:ti_sysbios_knl_Queue_construct)
                  00012fa0    0000002c     sysbios.aem4f : BIOS.obj (.text:ti_sysbios_knl_Task_restore__E)
                  00012fcc    0000002c     ti.targets.arm.rtsarm.aem4f : Text.oem4f (.text:xdc_runtime_Text_cordText__E)
                  00012ff8    0000002a     driverlib.lib : gpio.obj (.text:GPIODirModeSet)
                  00013022    0000002a     stk.aem4f : pbm.oem4f (.text:PBMQ_deq)
                  0001304c    0000002a     netctrl_min_ipv4.aem4f : netsrv.oem4f (.text:ServiceCallback)
                  00013076    0000002a     nettool_ipv4.aem4f : config.oem4f (.text:_CfgRelease)
                  000130a0    0000002a                        : inetaddr.oem4f (.text:mergeLists)
                  000130ca    0000002a     ti.targets.arm.rtsarm.aem4f : System.oem4f (.text:xdc_runtime_System_putchar__I)
                  000130f4    00000028     stk.aem4f : bind.oem4f (.text:BindFindByNet)
                  0001311c    00000028               : lli.oem4f (.text:LLIFree)
                  00013144    00000028     netctrl_min_ipv4.aem4f : netctrl.oem4f (.text:NC_SystemClose)
                  0001316c    00000028     stk.aem4f : nimu.oem4f (.text:NIMUCreatePacket)
                  00013194    00000028               : nimu.oem4f (.text:NIMUPacketService)
                  000131bc    00000028               : tcpin.oem4f (.text:TcpEnterTimeWait)
                  000131e4    00000028               : timer.oem4f (.text:TimerListRemove)
                  0001320c    00000028               : vlan.oem4f (.text:VLANFindSourceInterface)
                  00013234    00000028               : vlan.oem4f (.text:VLANInit)
                  0001325c    00000028     nettool_ipv4.aem4f : dhcpsock.oem4f (.text:dhcpPacketReceive)
                  00013284    00000028     drivers_tivaware.aem4f : EMACSnow.oem4f (.text:signalLinkChange)
                  000132ac    00000004     ti.targets.arm.rtsarm.aem4f : Error.oem4f (.text:xdc_runtime_Error_getSite__E)
                  000132b0    00000028     sysbios.aem4f : BIOS.obj (.text:ti_sysbios_knl_Clock_addI__E)
                  000132d8    00000028                   : BIOS.obj (.text:ti_sysbios_knl_Swi_Module_startup__E)
                  00013300    00000026     nettool_ipv4.aem4f : config.oem4f (.text:CfgEntryInfo)
                  00013326    00000026     driverlib.lib : emac.obj (.text:EMACPHYRead)
                  0001334c    00000026                   : emac.obj (.text:EMACPHYWrite)
                  00013372    00000026     stk.aem4f : rawethsock.oem4f (.text:RawEthSockClose)
                  00013398    00000026     sysbios.aem4f : m3_Hwi_asm.obj (.text:ti_sysbios_family_arm_m3_Hwi_pendSV__I)
                  000133be    00000026     ti.targets.arm.rtsarm.aem4f : System.oem4f (.text:xdc_runtime_System_avprintf__E)
                  000133e4    00000024     stk.aem4f : bind.oem4f (.text:BindFindByHost)
                  00013408    00000024               : bind.oem4f (.text:BindGetIFByDBCast)
                  0001342c    00000024     drivers_tivaware.aem4f : EMACSnow.oem4f (.text:EMACSnow_pkt_service)
                  00013450    00000024                            : EMACSnow.oem4f (.text:EMACSnow_primeRx)
                  00013474    00000024     stk.aem4f : exec.oem4f (.text:ExecTimer)
                  00013498    00000024     http_ndk.aem4f : httpcli.oem4f (.text:HTTPCli_disconnect)
                  000134bc    00000024     stk.aem4f : nimu.oem4f (.text:NIMUFindByIndex)
                  000134e0    00000024               : rtc.oem4f (.text:RTCAddHook)
                  00013504    00000024               : rawethsock_pcb.oem4f (.text:RawEthSockPcbFind)
                  00013528    00000024               : route.oem4f (.text:RtFree)
                  0001354c    00000024               : route.oem4f (.text:RtSetTimeout)
                  00013570    00000024               : sockpcb.oem4f (.text:SockPcbCleanup)
                  00013594    00000024               : tcptime.oem4f (.text:TcpTimeoutWait2)
                  000135b8    00000024     nettool_ipv4.aem4f : config.oem4f (.text:_CfgEntryProcess)
                  000135dc    00000024     http_ndk.aem4f : httpcli.oem4f (.text:getRequestFieldValue)
                  00013600    00000024     httpget_pem4f.oem4f (.text:ti_sysbios_BIOS_errorRaiseHook__I)
                  00013624    00000024     httpget_pem4f.oem4f (.text:ti_sysbios_BIOS_registerRTSLock__I)
                  00013648    00000024     httpget_pem4f.oem4f (.text:ti_sysbios_BIOS_removeRTSLock__I)
                  0001366c    00000024     httpget_pem4f.oem4f (.text:ti_sysbios_BIOS_startFunc__I)
                  00013690    00000024     httpget_pem4f.oem4f (.text:ti_sysbios_gates_GateMutex_Object__delete__S)
                  000136b4    00000004     httpget_pem4f.oem4f (.text:xdc_runtime_System_Module_GateProxy_enter__E)
                  000136b8    00000024     sysbios.aem4f : BIOS.obj (.text:ti_sysbios_knl_Clock_Module_startup__E)
                  000136dc    00000004     httpget_pem4f.oem4f (.text:xdc_runtime_System_Module_GateProxy_leave__E)
                  000136e0    00000024     sysbios.aem4f : BIOS.obj (.text:ti_sysbios_knl_Semaphore_Instance_init__E)
                  00013704    00000024     httpget_pem4f.oem4f (.text:ti_sysbios_knl_Semaphore_Object__delete__S)
                  00013728    00000024     sysbios.aem4f : BIOS.obj (.text:ti_sysbios_knl_Task_restoreHwi__E)
                  0001374c    00000024     ti.targets.arm.rtsarm.aem4f : System.oem4f (.text:xdc_runtime_System_vprintf__E)
                  00013770    00000022     nettool_ipv4.aem4f : config.oem4f (.text:CfgEntryRef)
                  00013792    00000022     stk.aem4f : vlan.oem4f (.text:VLANFindNode)
                  000137b4    00000004     ti.targets.arm.rtsarm.aem4f : System.oem4f (.text:xdc_runtime_System_aprintf_va__F)
                  000137b8    00000022     sysbios.aem4f : BIOS.obj (.text:ti_sysbios_family_arm_lm4_Timer_write__I)
                  000137da    00000022     httpget_pem4f.oem4f (.text:xdc_runtime_SysMin_output__I)
                  000137fc    00000020     netctrl_min_ipv4.aem4f : netctrl.oem4f (.text:NC_BootComplete)
                  0001381c    00000020     stk.aem4f : nimu.oem4f (.text:NIMUGetNumOfObject)
                  0001383c    00000020               : rtc.oem4f (.text:RTCRemoveHook)
                  0001385c    00000020               : tcp.oem4f (.text:TcpTimeoutRemove)
                  0001387c    00000020     Boot.aem4f : Boot_sysctl.oem4f (.text:_SysCtlMemTimingGet)
                  0001389c    00000020     httpget_pem4f.oem4f (.text:ti_sysbios_BIOS_rtsLock__I)
                  000138bc    00000020     httpget_pem4f.oem4f (.text:ti_sysbios_family_arm_m3_Hwi_Object__delete__S)
                  000138dc    00000020     sysbios.aem4f : m3_Hwi_asm.obj (.text:ti_sysbios_family_arm_m3_Hwi_excHandlerAsm__I)
                  000138fc    00000004     ti.targets.arm.rtsarm.aem4f : System.oem4f (.text:xdc_runtime_System_printf_va__F)
                  00013900    00000020     sysbios.aem4f : BIOS.obj (.text:ti_sysbios_family_arm_m3_Hwi_excHandler__I)
                  00013920    00000020     httpget_pem4f.oem4f (.text:ti_sysbios_gates_GateHwi_Object__delete__S)
                  00013940    00000020     httpget_pem4f.oem4f (.text:ti_sysbios_heaps_HeapMem_Object__delete__S)
                  00013960    00000020     sysbios.aem4f : BIOS.obj (.text:ti_sysbios_knl_Idle_run__E)
                  00013980    00000020     httpget_pem4f.oem4f (.text:ti_sysbios_knl_Semaphore_Object__destruct__S)
                  000139a0    00000020     httpget_pem4f.oem4f (.text:ti_sysbios_knl_Swi_Object__delete__S)
                  000139c0    00000020     httpget_pem4f.oem4f (.text:ti_sysbios_knl_Task_Object__delete__S)
                  000139e0    00000020     ti.targets.arm.rtsarm.aem4f : Registry.oem4f (.text:xdc_runtime_Registry_findById__E)
                  00013a00    00000020                                 : SysMin.oem4f (.text:xdc_runtime_SysMin_Module_startup__E)
                  00013a20    0000001e     stk.aem4f : fileuser.oem4f (.text:fdError)
                  00013a3e    0000001e               : listlib.oem4f (.text:list_remove)
                  00013a5c    0000001e     httpget.obj (.text:send)
                  00013a7a    0000001e     rtsv7M4_T_le_v4SPD16_eabi.lib : strcat.c.obj (.text:strcat)
                  00013a98    0000001e     sysbios.aem4f : m3_Hwi_asm_switch.obj (.text:ti_sysbios_family_xxx_Hwi_switchAndRunFunc)
                  00013ab6    00000002     --HOLE-- [fill = 0]
                  00013ab8    0000001c     stk.aem4f : bind.oem4f (.text:BindFindByIF)
                  00013ad4    0000001c               : exec.oem4f (.text:ExecBroadcast)
                  00013af0    0000001c     os.aem4f : ossys.oem4f (.text:NDK_sprintf)
                  00013b0c    0000001c     stk.aem4f : nimu.oem4f (.text:NIMUAddHeader)
                  00013b28    0000001c               : sockprot.oem4f (.text:SockPrDetach)
                  00013b44    0000001c     network_ndk.aem4f : ssock.oem4f (.text:Ssock_destruct)
                  00013b60    0000001c     os.aem4f : task.oem4f (.text:TaskDestroy)
                  00013b7c    0000001c     drivers_tivaware.aem4f : GPIOTiva.oem4f (.text:getGpioIntIndex)
                  00013b98    0000001c     httpget_pem4f.oem4f (.text:ti_ndk_config_global_taskCreateHook)
                  00013bb4    0000001c     httpget_pem4f.oem4f (.text:ti_sysbios_family_arm_m3_Hwi_Object__destruct__S)
                  00013bd0    0000001c     sysbios.aem4f : BIOS.obj (.text:ti_sysbios_gates_GateMutex_Instance_init__E)
                  00013bec    0000001c     httpget_pem4f.oem4f (.text:ti_sysbios_knl_Queue_Object__destruct__S)
                  00013c08    0000001c     sysbios.aem4f : BIOS.obj (.text:ti_sysbios_knl_Queue_put__E)
                  00013c24    00000004     --HOLE-- [fill = 0]
                  00013c28    0000001c                   : BIOS.obj (.text:ti_sysbios_knl_Task_enter__I)
                  00013c44    0000001c     ti.targets.arm.rtsarm.aem4f : Error.oem4f (.text:xdc_runtime_Error_raiseX__E)
                  00013c60    0000001c                                 : Memory.oem4f (.text:xdc_runtime_Memory_valloc__E)
                  00013c7c    0000001c                                 : SysMin.oem4f (.text:xdc_runtime_SysMin_exit__E)
                  00013c98    0000001c                                 : System.oem4f (.text:xdc_runtime_System_abort__E)
                  00013cb4    0000001a     stk.aem4f : bind.oem4f (.text:BindGetIP)
                  00013cce    0000001a               : sockint.oem4f (.text:SockSetOOBMark)
                  00013ce8    0000001a               : file.oem4f (.text:fdint_getfdt)
                  00013d02    0000001a     httpget_pem4f.oem4f (.text:free)
                  00013d1c    0000001a     httpget_pem4f.oem4f (.text:ti_sysbios_family_arm_m3_Hwi_Handle__label__S)
                  00013d36    0000001a     httpget_pem4f.oem4f (.text:ti_sysbios_gates_GateHwi_Handle__label__S)
                  00013d50    0000001a     httpget_pem4f.oem4f (.text:ti_sysbios_gates_GateMutex_Handle__label__S)
                  00013d6a    0000001a     httpget_pem4f.oem4f (.text:ti_sysbios_heaps_HeapMem_Handle__label__S)
                  00013d84    0000001a     httpget_pem4f.oem4f (.text:ti_sysbios_knl_Swi_Handle__label__S)
                  00013d9e    0000001a     httpget_pem4f.oem4f (.text:ti_sysbios_knl_Task_Handle__label__S)
                  00013db8    0000001a     sysbios.aem4f : BIOS.obj (.text:ti_sysbios_knl_Task_sleepTimeout__I)
                  00013dd2    0000001a     httpget_pem4f.oem4f (.text:xdc_runtime_System_aprintf__E)
                  00013dec    0000001a     httpget_pem4f.oem4f (.text:xdc_runtime_System_printf__E)
                  00013e06    00000002     --HOLE-- [fill = 0]
                  00013e08    00000018     drivers_tivaware.aem4f : EMACSnow.oem4f (.text:EMACSnow_emacSend)
                  00013e20    00000018     stk.aem4f : ip.oem4f (.text:IPRtChange)
                  00013e38    00000018               : rawethsock_pcb.oem4f (.text:RawEthSockPcbCleanup)
                  00013e50    00000018     nettool_ipv4.aem4f : ipaddr.oem4f (.text:RouteHook)
                  00013e68    00000018     stk.aem4f : tcpin.oem4f (.text:SEQ_GEQ)
                  00013e80    00000018               : tcpout.oem4f (.text:SEQ_GEQ)
                  00013e98    00000018               : tcpin.oem4f (.text:SEQ_GT)
                  00013eb0    00000018               : tcpout.oem4f (.text:SEQ_GT)
                  00013ec8    00000018               : tcpin.oem4f (.text:SEQ_LEQ)
                  00013ee0    00000018               : tcpout.oem4f (.text:SEQ_LEQ)
                  00013ef8    00000018               : tcpin.oem4f (.text:SEQ_LT)
                  00013f10    00000018               : tcpout.oem4f (.text:SEQ_LT)
                  00013f28    00000018               : tcp.oem4f (.text:TcpTimeoutAdd)
                  00013f40    00000018     rtsv7M4_T_le_v4SPD16_eabi.lib : args_main.c.obj (.text:_args_main)
                  00013f58    00000018     nettool_ipv4.aem4f : dhcpsock.oem4f (.text:dhcpSocketClose)
                  00013f70    00000018                        : inetaddr.oem4f (.text:freeaddrinfo)
                  00013f88    00000018     stk.aem4f : listlib.oem4f (.text:list_add)
                  00013fa0    00000018     rtsv7M4_T_le_v4SPD16_eabi.lib : strcmp.c.obj (.text:strcmp)
                  00013fb8    00000018     httpget_pem4f.oem4f (.text:ti_sysbios_BIOS_rtsUnlock__I)
                  00013fd0    00000018     httpget_pem4f.oem4f (.text:ti_sysbios_family_arm_lm4_Timer_Module__startupDone__F)
                  00013fe8    00000018     httpget_pem4f.oem4f (.text:ti_sysbios_family_arm_m3_Hwi_Module__startupDone__F)
                  00014000    00000018     sysbios.aem4f : m3_TaskSupport_asm.obj (.text:ti_sysbios_family_arm_m3_TaskSupport_swap__E)
                  00014018    00000018                   : BIOS.obj (.text:ti_sysbios_gates_GateMutex_leave__E)
                  00014030    00000018     ti.targets.arm.rtsarm.aem4f : Error.oem4f (.text:xdc_runtime_Error_check__E)
                  00014048    00000018                                 : System.oem4f (.text:xdc_runtime_System_exit__E)
                  00014060    00000018                                 : Text.oem4f (.text:xdc_runtime_Text_ropeText__E)
                  00014078    00000016     driverlib.lib : emac.obj (.text:EMACReset)
                  0001408e    00000016                   : emac.obj (.text:EMACRxEnable)
                  000140a4    00000016                   : emac.obj (.text:EMACTxEnable)
                  000140ba    00000016     http_ndk.aem4f : httpcli.oem4f (.text:HTTPCli_destruct)
                  000140d0    00000016                    : httpcli.oem4f (.text:HTTPCli_readRawResponseBody)
                  000140e6    00000016     driverlib.lib : i2c.obj (.text:I2CMasterErr)
                  000140fc    00000016     stk.aem4f : file.oem4f (.text:fdint_freefdt)
                  00014112    00000016     rtsv7M4_T_le_v4SPD16_eabi.lib : strchr.c.obj (.text:strchr)
                  00014128    00000016     httpget_pem4f.oem4f (.text:ti_sysbios_BIOS_exitFunc__I)
                  0001413e    00000016     httpget.obj (.text:ti_sysbios_knl_Task_Params_init)
                  00014154    00000016     ti.targets.arm.rtsarm.aem4f : System.oem4f (.text:xdc_runtime_System_vsprintf__E)
                  0001416a    00000014     stk.aem4f : bind.oem4f (.text:BindIPHost2IF)
                  0001417e    00000002     --HOLE-- [fill = 0]
                  00014180    00000014     driverlib.lib : flash.obj (.text:FlashUserGet)
                  00014194    00000014     http_ndk.aem4f : httpcli.oem4f (.text:HTTPCli_getResponseStatus)
                  000141a8    00000014     netctrl_min_ipv4.aem4f : netctrl.oem4f (.text:NC_NetStop)
                  000141bc    00000014     os.aem4f : task.oem4f (.text:NDK_hookExit)
                  000141d0    00000014     stk.aem4f : nimu.oem4f (.text:NIMUSendPacket)
                  000141e4    00000014     nettool_ipv4.aem4f : ipaddr.oem4f (.text:NtRemoveNetwork)
                  000141f8    00000014     stk.aem4f : rawethsock_pcb.oem4f (.text:RawEthSockPcbInit)
                  0001420c    00000014     network_ndk.aem4f : ssock.oem4f (.text:Ssock_construct)
                  00014220    00000014     stk.aem4f : timer.oem4f (.text:TimerFree)
                  00014234    00000014     httpget.obj (.text:connect)
                  00014248    00000014     httpget.obj (.text:socket)
                  0001425c    00000014     rtsv7M4_T_le_v4SPD16_eabi.lib : strcpy.c.obj (.text:strcpy)
                  00014270    00000014                                   : strlen.c.obj (.text:strlen)
                  00014284    00000014     httpget_pem4f.oem4f (.text:ti_ndk_config_global_taskExitHook)
                  00014298    00000014     httpget_pem4f.oem4f (.text:ti_sysbios_family_arm_m3_Hwi_Object__get__S)
                  000142ac    00000004     --HOLE-- [fill = 0]
                  000142b0    00000014     sysbios.aem4f : BIOS.obj (.text:ti_sysbios_family_arm_m3_Hwi_switchFromBootStack__E)
                  000142c4    00000014     httpget_pem4f.oem4f (.text:ti_sysbios_heaps_HeapMem_Object__get__S)
                  000142d8    00000014     httpget_pem4f.oem4f (.text:ti_sysbios_knl_Swi_Object__get__S)
                  000142ec    00000014     httpget_pem4f.oem4f (.text:ti_sysbios_knl_Task_Object__first__S)
                  00014300    00000014     httpget_pem4f.oem4f (.text:ti_sysbios_knl_Task_Object__next__S)
                  00014314    00000012     driverlib.lib : gpio.obj (.text:GPIOPinTypeEthernetLED)
                  00014326    00000012                   : gpio.obj (.text:GPIOPinTypeI2C)
                  00014338    00000012                   : gpio.obj (.text:GPIOPinTypeI2CSCL)
                  0001434a    00000012     stk.aem4f : sockprot.oem4f (.text:SockPrAttach)
                  0001435c    00000012               : sockint.oem4f (.text:SockSetOOBData)
                  0001436e    00000012     nettool_ipv4.aem4f : inetaddr.oem4f (.text:inet_addr)
                  00014380    00000012     sysbios.aem4f : BIOS.obj (.text:ti_sysbios_hal_Hwi_Module_startup__E)
                  00014392    00000006     driverlib.lib : gpio.obj (.text:GPIOPinWrite)
                  00014398    00000012     sysbios.aem4f : BIOS.obj (.text:ti_sysbios_knl_Semaphore_reset__E)
                  000143aa    00000012     httpget_pem4f.oem4f (.text:xdc_runtime_Startup_exec__I)
                  000143bc    00000010     httpget_pem4f.oem4f (.text:.bootCodeSection:ti_catalog_arm_cortexm4_tiva_ce_Boot_init__I)
                  000143cc    00000010     stk.aem4f : bind.oem4f (.text:BindIF2IPHost)
                  000143dc    00000010               : bind.oem4f (.text:BindIFNet2IPHost)
                  000143ec    00000010     driverlib.lib : emac.obj (.text:EMACFrameFilterSet)
                  000143fc    00000010     stk.aem4f : exec.oem4f (.text:ExecHRef)
                  0001440c    00000010     drivers_tivaware.aem4f : I2C.oem4f (.text:I2C_Params_init)
                  0001441c    00000010     netctrl_min_ipv4.aem4f : netctrl.oem4f (.text:NC_IPUpdate)
                  0001442c    00000010     stk.aem4f : nimu.oem4f (.text:NIMUGetRsvdSizeInfo)
                  0001443c    00000004     --HOLE-- [fill = 0]
                  00014440    00000010     sysbios.aem4f : BIOS.obj (.text:ti_sysbios_BIOS_exit__E)
                  00014450    00000010                   : BIOS.obj (.text:ti_sysbios_BIOS_getCpuFreq__E)
                  00014460    00000010                   : BIOS.obj (.text:ti_sysbios_BIOS_setThreadType__E)
                  00014470    00000010                   : BIOS.obj (.text:ti_sysbios_BIOS_start__E)
                  00014480    00000010                   : m3_TaskSupport_asm.obj (.text:ti_sysbios_family_arm_m3_TaskSupport_glue)
                  00014490    00000010                   : BIOS.obj (.text:ti_sysbios_gates_GateMutex_Instance_finalize__E)
                  000144a0    00000010                   : BIOS.obj (.text:ti_sysbios_knl_Semaphore_Instance_finalize__E)
                  000144b0    00000010                   : BIOS.obj (.text:ti_sysbios_knl_Swi_disable__E)
                  000144c0    00000010     httpget_pem4f.oem4f (.text:ti_sysbios_knl_Task_Object__get__S)
                  000144d0    00000010     sysbios.aem4f : BIOS.obj (.text:ti_sysbios_knl_Task_disable__E)
                  000144e0    00000010     ti.targets.arm.rtsarm.aem4f : Gate.oem4f (.text:xdc_runtime_Gate_leaveSystem__E)
                  000144f0    00000010                                 : Memory.oem4f (.text:xdc_runtime_Memory_free__E)
                  00014500    00000010                                 : SysMin.oem4f (.text:xdc_runtime_SysMin_ready__E)
                  00014510    00000010                                 : System.oem4f (.text:xdc_runtime_System_vsnprintf__E)
                  00014520    00000010     httpget_pem4f.oem4f (.text:xdc_runtime_Text_visitRope__I)
                  00014530    0000000e     drivers_tivaware.aem4f : EMACSnow.oem4f (.text:EMACSnow_emacioctl)
                  0001453e    0000000e     stk.aem4f : exec.oem4f (.text:ExecLowResource)
                  0001454c    0000000e     driverlib.lib : gpio.obj (.text:GPIOIntStatus)
                  0001455a    0000000e     rtsv7M4_T_le_v4SPD16_eabi.lib : copy_decompress_none.c.obj (.text:decompress:none:__TI_decompress_none)
                  00014568    0000000e     http_ndk.aem4f : httpcli.oem4f (.text:isValidSocket)
                  00014576    00000002     --HOLE-- [fill = 0]
                  00014578    0000000e     sysbios.aem4f : BIOS.obj (.text:ti_sysbios_knl_Idle_loop__E)
                  00014586    00000002     --HOLE-- [fill = 0]
                  00014588    0000000e                   : BIOS.obj (.text:ti_sysbios_knl_Queue_empty__E)
                  00014596    00000002     --HOLE-- [fill = 0]
                  00014598    0000000c     stk.aem4f : bind.oem4f (.text:BindGetFirst)
                  000145a4    0000000c     nettool_ipv4.aem4f : config.oem4f (.text:CfgSetDefault)
                  000145b0    0000000c     drivers_tivaware.aem4f : EMACSnow.oem4f (.text:EMACSnow_init)
                  000145bc    0000000c     os.aem4f : task.oem4f (.text:NDK_hookInit)
                  000145c8    0000000c     stk.aem4f : nimu.oem4f (.text:NIMUSetRsvdSizeInfo)
                  000145d4    0000000c     os.aem4f : task.oem4f (.text:NotifyLowResource)
                  000145e0    0000000c     stk.aem4f : pbm.oem4f (.text:PBM_close)
                  000145ec    0000000c     os.aem4f : semaphore.oem4f (.text:SemDelete)
                  000145f8    0000000c     hal_timer_bios.aem4f : lltimer.oem4f (.text:_llTimerShutdown)
                  00014604    0000000c     rtsv7M4_T_le_v4SPD16_eabi.lib : _lock.c.obj (.text:_register_lock)
                  00014610    0000000c                                   : _lock.c.obj (.text:_register_unlock)
                  0001461c    0000000c     httpget.obj (.text:close)
                  00014628    0000000c     rtsv7M4_T_le_v4SPD16_eabi.lib : copy_zero_init.c.obj (.text:decompress:ZI:__TI_zero_init)
                  00014634    0000000c     hal_timer_bios.aem4f : lltimer.oem4f (.text:llTimerGetStartTime)
                  00014640    0000000c     sysbios.aem4f : BIOS.obj (.text:ti_sysbios_BIOS_getThreadType__E)
                  0001464c    00000004     --HOLE-- [fill = 0]
                  00014650    0000000c                   : BIOS.obj (.text:ti_sysbios_family_arm_lm4_Timer_getMaxTicks__E)
                  0001465c    0000000c     httpget_pem4f.oem4f (.text:ti_sysbios_family_arm_m3_Hwi_Params__init__S)
[...]
000170f0  xdc_runtime_Startup_maxPasses__C                                     
000170f4  xdc_runtime_Startup_sfxnRts__C                                       
000170f8  xdc_runtime_Startup_sfxnTab__C                                       
000170fc  xdc_runtime_SysMin_bufSize__C                                        
00017100  xdc_runtime_SysMin_outputFunc__C                                     
00017104  xdc_runtime_System_Module__gateObj__C                                
00017108  xdc_runtime_System_abortFxn__C                                       
0001710c  xdc_runtime_System_exitFxn__C                                        
00017110  xdc_runtime_System_extendFxn__C                                      
00017114  xdc_runtime_System_maxAtexitHandlers__C                              
00017118  xdc_runtime_Text_charTab__C                                          
0001711c  xdc_runtime_Text_nameEmpty__C                                        
00017120  xdc_runtime_Text_nameStatic__C                                       
00017124  xdc_runtime_Text_nameUnknown__C                                      
00017128  xdc_runtime_Text_nodeTab__C                                          
0001712c  xdc_runtime_Text_visitRopeFxn__C                                     
00017130  ti_sysbios_hal_Hwi_Module__id__C                                     
00017132  ti_sysbios_heaps_HeapMem_Module__id__C                               
00017134  ti_sysbios_knl_Task_Module__id__C                                    
00017136  xdc_runtime_Core_Module__id__C                                       
00017138  xdc_runtime_Error_Module__loggerDefined__C                           
0001713a  xdc_runtime_Error_maxDepth__C                                        
0001713c  xdc_runtime_Memory_Module__id__C                                     
0001713e  xdc_runtime_SysMin_flushAtExit__C                                    
00017140  xdc_runtime_Text_charCnt__C                                          
00017142  xdc_runtime_Text_isLoaded__C                                         
00017144  xdc_runtime_Text_registryModsLastId__C                               
00017146  xdc_runtime_Text_unnamedModsLastId__C                                
00017148  xdc_runtime_Error_policy__C                                          
00017150  __TI_static_base__                                                   
00017604  __TI_Handler_Table_Base                                              
00017610  __TI_Handler_Table_Limit                                             
00017620  __TI_CINIT_Base                                                      
00017638  __TI_CINIT_Limit                                                     
20000000  __start___llvm_prf_cnts                                              
20000000  __stop___llvm_prf_cnts                                               
20000000  ti_sysbios_family_arm_m3_Hwi_ramVectors                              
20000380  ti_ndk_config_Global_pit                                             
20000498  ti_ndk_config_Global_pitBuffer                                       
2000cc98  ti_sysbios_heaps_HeapMem_Instance_State_0_buf__A                     
20014c98  ips                                                                  
20014d00  ti_ndk_config_Global_pBufMem                                         
20018900  ti_ndk_config_Global_pHdrMem                                         
20018bf8  ti_sysbios_knl_Task_Instance_State_0_stack__A                        
200193f8  ti_sysbios_knl_Task_Instance_State_1_stack__A                        
200199f8  ti_sysbios_knl_Task_Instance_State_2_stack__A                        
20019bf8  ti_sysbios_family_arm_m3_Hwi_dispatchTable                           
20019f58  __CIOBUF_                                                            
2001a178  i2cTivaObjects                                                       
2001a278  tcps                                                                 
2001a594  xdc_runtime_SysMin_Module_State_0_outbuf__A                          
2001a614  nimu_mcb                                                             
2001a678  _ICMPIn                                                              
2001a6c4  _ICMPOut                                                             
2001a750  data                                                                 
2001a790  vlan_mcb                                                             
2001a7dc  udps                                                                 
2001a800  BlockCount                                                           
2001a81c  BlockMax                                                             
2001a838  PageCount                                                            
2001a854  PageMax                                                              
2001a870  stkEvent                                                             
2001a888  deprem                                                               
2001a8b0  addr                                                                 
2001a8d0  raweths                                                              
2001a8e0  raws                                                                 
2001a8f0  PBMQ_free                                                            
2001a8fc  tpseudo                                                              
2001a908  upseudo                                                              
2001a91c  emacObjects                                                          
2001a924  parmbuf                                                              
2001a950  _IGMPInDiscard                                                       
2001a954  _IGMPInQuery                                                         
2001a958  _IGMPInQueryGroup                                                    
2001a95c  _IGMPInResponse                                                      
2001a960  _IGMPOutResponse                                                     
2001a964  g_ulStatus                                                           
2001a978  len                                                                  
2001a97c  ptr3                                                                 
2001a980  ptr4                                                                 
2001a984  raweth_pcb                                                           
2001a988  readBuffer                                                           
2001a98c  ret                                                                  
2001a990  rx2Buffer                                                            
2001a994  rx3Buffer                                                            
2001a998  rx4Buffer                                                            
2001a99c  rxBuffer                                                             
2001a9a0  ti_sysbios_knl_Task_Instance_State_0_hookEnv__A                      
2001a9a4  ti_sysbios_knl_Task_Instance_State_1_hookEnv__A                      
2001a9a8  ti_sysbios_knl_Task_Instance_State_2_hookEnv__A                      
2001a9ac  tx2Buffer                                                            
2001a9b0  tx3Buffer                                                            
2001a9b4  tx4Buffer                                                            
2001a9b8  txBuffer                                                             
2001a9bc  writeBuffer                                                          
2001a9c0  x                                                                    
2001a9c2  y                                                                    
2001a9c4  t1                                                                   
2001a9c5  t2                                                                   
2001a9c6  t3                                                                   
2001a9c7  t4                                                                   
2001a9c8  HTTPStd_VER                                                          
2001a9cc  HTTPStd_GET                                                          
2001a9d0  HTTPStd_POST                                                         
2001a9d4  HTTPStd_HEAD                                                         
2001a9d8  HTTPStd_OPTIONS                                                      
2001a9dc  HTTPStd_PUT                                                          
2001a9e0  HTTPStd_DELETE                                                       
2001a9e4  HTTPStd_CONNECT                                                      
2001a9e8  HTTPStd_PATCH                                                        
2001a9ec  HTTPStd_CONTENT_TYPE_APPLET                                          
2001a9f0  HTTPStd_CONTENT_TYPE_AU                                              
2001a9f4  HTTPStd_CONTENT_TYPE_CSS                                             
2001a9f8  HTTPStd_CONTENT_TYPE_DOC                                             
2001a9fc  HTTPStd_CONTENT_TYPE_GIF                                             
2001aa00  HTTPStd_CONTENT_TYPE_HTML                                            
2001aa04  HTTPStd_CONTENT_TYPE_JPG                                             
2001aa08  HTTPStd_CONTENT_TYPE_MPEG                                            
2001aa0c  HTTPStd_CONTENT_TYPE_PDF                                             
2001aa10  HTTPStd_CONTENT_TYPE_WAV                                             
2001aa14  HTTPStd_CONTENT_TYPE_ZIP                                             
2001aa18  HTTPStd_CONTENT_TYPE_PLAIN                                           
2001aa1c  HTTPStd_FIELD_NAME_ACCEPT                                            
2001aa20  HTTPStd_FIELD_NAME_ACCEPT_CHARSET                                    
2001aa24  HTTPStd_FIELD_NAME_ACCEPT_ENCODING                                   
2001aa28  HTTPStd_FIELD_NAME_ACCEPT_LANGUAGE                                   
2001aa2c  HTTPStd_FIELD_NAME_ACCEPT_RANGES                                     
2001aa30  HTTPStd_FIELD_NAME_AGE                                               
2001aa34  HTTPStd_FIELD_NAME_ALLOW                                             
2001aa38  HTTPStd_FIELD_NAME_AUTHORIZATION                                     
2001aa3c  HTTPStd_FIELD_NAME_CACHE_CONTROL                                     
2001aa40  HTTPStd_FIELD_NAME_CONNECTION                                        
2001aa44  HTTPStd_FIELD_NAME_CONTENT_ENCODING                                  
2001aa48  HTTPStd_FIELD_NAME_CONTENT_LANGUAGE                                  
2001aa4c  HTTPStd_FIELD_NAME_CONTENT_LENGTH                                    
2001aa50  HTTPStd_FIELD_NAME_CONTENT_LOCATION                                  
2001aa54  HTTPStd_FIELD_NAME_CONTENT_MD5                                       
2001aa58  HTTPStd_FIELD_NAME_CONTENT_RANGE                                     
2001aa5c  HTTPStd_FIELD_NAME_CONTENT_TYPE                                      
2001aa60  HTTPStd_FIELD_NAME_COOKIE                                            
2001aa64  HTTPStd_FIELD_NAME_DATE                                              
2001aa68  HTTPStd_FIELD_NAME_ETAG                                              
2001aa6c  HTTPStd_FIELD_NAME_EXPECT                                            
2001aa70  HTTPStd_FIELD_NAME_EXPIRES                                           
2001aa74  HTTPStd_FIELD_NAME_FROM                                              
2001aa78  HTTPStd_FIELD_NAME_HOST                                              
2001aa7c  HTTPStd_FIELD_NAME_IF_MATCH                                          
2001aa80  HTTPStd_FIELD_NAME_IF_MODIFIED_SINCE                                 
2001aa84  HTTPStd_FIELD_NAME_IF_NONE_MATCH                                     
2001aa88  HTTPStd_FIELD_NAME_IF_RANGE                                          
2001aa8c  HTTPStd_FIELD_NAME_IF_UNMODIFIED_SINCE                               
2001aa90  HTTPStd_FIELD_NAME_LAST_MODIFIED                                     
2001aa94  HTTPStd_FIELD_NAME_LOCATION                                          
2001aa98  HTTPStd_FIELD_NAME_MAX_FORWARDS                                      
2001aa9c  HTTPStd_FIELD_NAME_ORIGIN                                            
2001aaa0  HTTPStd_FIELD_NAME_PRAGMA                                            
2001aaa4  HTTPStd_FIELD_NAME_PROXY_AUTHENTICATE                                
2001aaa8  HTTPStd_FIELD_NAME_PROXY_AUTHORIZATION                               
2001aaac  HTTPStd_FIELD_NAME_RANGE                                             
2001aab0  HTTPStd_FIELD_NAME_REFERER                                           
2001aab4  HTTPStd_FIELD_NAME_RETRY_AFTER                                       
2001aab8  HTTPStd_FIELD_NAME_SERVER                                            
2001aabc  HTTPStd_FIELD_NAME_TE                                                
2001aac0  HTTPStd_FIELD_NAME_TRAILER                                           
2001aac4  HTTPStd_FIELD_NAME_TRANSFER_ENCODING                                 
2001aac8  HTTPStd_FIELD_NAME_UPGRADE                                           
2001aacc  HTTPStd_FIELD_NAME_USER_AGENT                                        
2001aad0  HTTPStd_FIELD_NAME_VARY                                              
2001aad4  HTTPStd_FIELD_NAME_VIA                                               
2001aad8  HTTPStd_FIELD_NAME_WWW_AUTHENTICATE                                  
2001aadc  HTTPStd_FIELD_NAME_WARNING                                           
2001aae0  HTTPStd_FIELD_NAME_X_FORWARDED_FOR                                   
2001aae4  ti_sysbios_knl_Task_Object__table__V                                 
2001abc8  _ipcfg                                                               
2001ac7c  ti_sysbios_knl_Swi_Module_State_0_readyQ__A                          
2001acfc  ti_sysbios_knl_Task_Module_State_0_readyQ__A                         
2001adcc  ti_sysbios_knl_Task_Module__state__V                                 
2001ae90  ti_sysbios_family_arm_lm4_Timer_Module_State_0_device__A             
2001aed0  ti_sysbios_family_arm_lm4_Timer_Object__table__V                     
2001af10  ti_sysbios_gates_GateMutex_Object__table__V                          
2001af7c  ti_sysbios_family_arm_m3_Hwi_Module__state__V                        
2001afb0  enablePrefetch                                                       
2001afb4  phyCounter                                                           
2001afe2  ti_sysbios_family_arm_m3_Hwi_Module_State_0_excActive__A             
2001b014  ti_sysbios_knl_Swi_Object__table__V                                  
2001b044  ti_sysbios_knl_Clock_Module__state__V                                
2001b070  pstrMsgName                                                          
2001b098  ti_sysbios_knl_Semaphore_Object__table__V                            
2001b0c0  _oscfg                                                               
2001b0e4  PITCount                                                             
2001b0e8  PITUsed                                                              
2001b0ec  PITHigh                                                              
2001b108  ti_sysbios_BIOS_Module__state__V                                     
2001b12c  ti_sysbios_family_arm_lm4_Timer_Module_State_0_handles__A            
2001b168  ti_ndk_config_Global_Id2Size                                         
2001b184  ti_sysbios_knl_Swi_Module__state__V                                  
2001b1e8  ti_sysbios_family_arm_m3_Hwi_Object__table__V                        
2001b200  ti_sysbios_heaps_HeapMem_Object__table__V                            
2001b254  gpioPinConfigs                                                       
2001b27c  _IGMPForceVersion1                                                   
2001b284  ti_sysbios_family_arm_lm4_Timer_Module__state__V                     
2001b290  ti_sysbios_knl_Event_Object__table__V                                
2001b29c  xdc_runtime_SysMin_Module__state__V                                  
2001b2b4  _lock                                                                
2001b2b8  _unlock                                                              
2001b2bc  NIMUDeviceTable                                                      
2001b2c4  gpioCallbackFunctions                                                
2001b2cc  ti_ndk_config_Global_HostName                                        
2001b2d0  __xdc__init__addr                                                    
2001b2e4  _ICMPInErrors                                                        
2001b2e8  _ICMPOutErrors                                                       
2001b2ec  _IPExecuting                                                         
2001b304  tcp_iss                                                              
2001b308  ptTimeFirst                                                          
2001b314  ti_sysbios_family_arm_m3_Hwi_Module__root__V                         
2001b31c  ti_sysbios_gates_GateHwi_Module__root__V                             
2001b324  ti_sysbios_gates_GateMutex_Module__root__V                           
2001b32c  ti_sysbios_heaps_HeapMem_Module__root__V                             
2001b334  ti_sysbios_knl_Clock_Module__root__V                                 
2001b33c  ti_sysbios_knl_Queue_Module__root__V                                 
2001b344  ti_sysbios_knl_Semaphore_Module__root__V                             
2001b34c  ti_sysbios_knl_Swi_Module__root__V                                   
2001b354  ti_sysbios_knl_Task_Module__root__V                                  
2001b35c  xdc_runtime_Registry_Module__state__V                                
2001b364  xdc_runtime_Startup_Module__state__V                                 
2001b36c  xdc_runtime_System_Module_State_0_atexitHandlers__A                  
2001b374  xdc_runtime_System_Module__state__V                                  
2001b37c  macAddress                                                           
2001b38e  xdc_runtime_Error_Module__state__V                                   
2001b39c  received                                                             
2001b3a4  errno                                                                
2001b3a8  main_func_sp                                                         
2001b3b0  _IPReasmPtr                                                          
2001b3c0  ti_sysbios_family_arm_m3_Hwi_Module_State_0_excContext__A            
2001b3c4  ti_sysbios_family_arm_m3_Hwi_Module_State_0_excStack__A              
2001b3c8  ti_sysbios_gates_GateHwi_Object__table__V                            
2001b3cc  ti_sysbios_knl_Task_Module_State_0_idleTask__A                       
2001b3d0  xdc_runtime_Memory_Module__state__V                                  
2001b3d8  __stack                                                              
2001bbd8  __STACK_END                                                          
e000e000  ti_sysbios_family_arm_m3_Hwi_nvic                                    
ffffffff  __TI_pprof_out_hndl                                                  
ffffffff  __TI_prof_data_size                                                  
ffffffff  __TI_prof_data_start                                                 
ffffffff  __binit__                                                            
ffffffff  __c_args__                                                           
ffffffff  binit                                                                
UNDEFED   SHT$$INIT_ARRAY$$Base                                                
UNDEFED   SHT$$INIT_ARRAY$$Limit                                               

[1158 symbols]
